Archive member included to satisfy reference by file (symbol)

c:/program files (x86)/gnu arm embedded toolchain/10 2021.10/bin/../lib/gcc/arm-none-eabi/10.3.1/../../../../arm-none-eabi/lib/thumb/v7-m/nofp\libg_nano.a(lib_a-fflush.o)
                              ./output/startup_gcc.o (fflush)
c:/program files (x86)/gnu arm embedded toolchain/10 2021.10/bin/../lib/gcc/arm-none-eabi/10.3.1/../../../../arm-none-eabi/lib/thumb/v7-m/nofp\libg_nano.a(lib_a-findfp.o)
                              c:/program files (x86)/gnu arm embedded toolchain/10 2021.10/bin/../lib/gcc/arm-none-eabi/10.3.1/../../../../arm-none-eabi/lib/thumb/v7-m/nofp\libg_nano.a(lib_a-fflush.o) (__sinit)
c:/program files (x86)/gnu arm embedded toolchain/10 2021.10/bin/../lib/gcc/arm-none-eabi/10.3.1/../../../../arm-none-eabi/lib/thumb/v7-m/nofp\libg_nano.a(lib_a-fwalk.o)
                              c:/program files (x86)/gnu arm embedded toolchain/10 2021.10/bin/../lib/gcc/arm-none-eabi/10.3.1/../../../../arm-none-eabi/lib/thumb/v7-m/nofp\libg_nano.a(lib_a-findfp.o) (_fwalk)
c:/program files (x86)/gnu arm embedded toolchain/10 2021.10/bin/../lib/gcc/arm-none-eabi/10.3.1/../../../../arm-none-eabi/lib/thumb/v7-m/nofp\libg_nano.a(lib_a-impure.o)
                              c:/program files (x86)/gnu arm embedded toolchain/10 2021.10/bin/../lib/gcc/arm-none-eabi/10.3.1/../../../../arm-none-eabi/lib/thumb/v7-m/nofp\libg_nano.a(lib_a-fflush.o) (_global_impure_ptr)
c:/program files (x86)/gnu arm embedded toolchain/10 2021.10/bin/../lib/gcc/arm-none-eabi/10.3.1/../../../../arm-none-eabi/lib/thumb/v7-m/nofp\libg_nano.a(lib_a-lock.o)
                              c:/program files (x86)/gnu arm embedded toolchain/10 2021.10/bin/../lib/gcc/arm-none-eabi/10.3.1/../../../../arm-none-eabi/lib/thumb/v7-m/nofp\libg_nano.a(lib_a-findfp.o) (__retarget_lock_init_recursive)
c:/program files (x86)/gnu arm embedded toolchain/10 2021.10/bin/../lib/gcc/arm-none-eabi/10.3.1/../../../../arm-none-eabi/lib/thumb/v7-m/nofp\libg_nano.a(lib_a-memcmp.o)
                              ./output/MessageBufferDemo.o (memcmp)
c:/program files (x86)/gnu arm embedded toolchain/10 2021.10/bin/../lib/gcc/arm-none-eabi/10.3.1/../../../../arm-none-eabi/lib/thumb/v7-m/nofp\libg_nano.a(lib_a-memcpy-stub.o)
                              ./output/queue.o (memcpy)
c:/program files (x86)/gnu arm embedded toolchain/10 2021.10/bin/../lib/gcc/arm-none-eabi/10.3.1/../../../../arm-none-eabi/lib/thumb/v7-m/nofp\libg_nano.a(lib_a-memset.o)
                              ./output/tasks.o (memset)
c:/program files (x86)/gnu arm embedded toolchain/10 2021.10/bin/../lib/gcc/arm-none-eabi/10.3.1/../../../../arm-none-eabi/lib/thumb/v7-m/nofp\libg_nano.a(lib_a-nano-freer.o)
                              c:/program files (x86)/gnu arm embedded toolchain/10 2021.10/bin/../lib/gcc/arm-none-eabi/10.3.1/../../../../arm-none-eabi/lib/thumb/v7-m/nofp\libg_nano.a(lib_a-fflush.o) (_free_r)
c:/program files (x86)/gnu arm embedded toolchain/10 2021.10/bin/../lib/gcc/arm-none-eabi/10.3.1/../../../../arm-none-eabi/lib/thumb/v7-m/nofp\libg_nano.a(lib_a-nano-mallocr.o)
                              c:/program files (x86)/gnu arm embedded toolchain/10 2021.10/bin/../lib/gcc/arm-none-eabi/10.3.1/../../../../arm-none-eabi/lib/thumb/v7-m/nofp\libg_nano.a(lib_a-findfp.o) (_malloc_r)
c:/program files (x86)/gnu arm embedded toolchain/10 2021.10/bin/../lib/gcc/arm-none-eabi/10.3.1/../../../../arm-none-eabi/lib/thumb/v7-m/nofp\libg_nano.a(lib_a-sbrkr.o)
                              c:/program files (x86)/gnu arm embedded toolchain/10 2021.10/bin/../lib/gcc/arm-none-eabi/10.3.1/../../../../arm-none-eabi/lib/thumb/v7-m/nofp\libg_nano.a(lib_a-nano-mallocr.o) (_sbrk_r)
c:/program files (x86)/gnu arm embedded toolchain/10 2021.10/bin/../lib/gcc/arm-none-eabi/10.3.1/../../../../arm-none-eabi/lib/thumb/v7-m/nofp\libg_nano.a(lib_a-stdio.o)
                              c:/program files (x86)/gnu arm embedded toolchain/10 2021.10/bin/../lib/gcc/arm-none-eabi/10.3.1/../../../../arm-none-eabi/lib/thumb/v7-m/nofp\libg_nano.a(lib_a-findfp.o) (__sread)
c:/program files (x86)/gnu arm embedded toolchain/10 2021.10/bin/../lib/gcc/arm-none-eabi/10.3.1/../../../../arm-none-eabi/lib/thumb/v7-m/nofp\libg_nano.a(lib_a-strcmp.o)
                              ./output/MessageBufferAMP.o (strcmp)
c:/program files (x86)/gnu arm embedded toolchain/10 2021.10/bin/../lib/gcc/arm-none-eabi/10.3.1/../../../../arm-none-eabi/lib/thumb/v7-m/nofp\libg_nano.a(lib_a-strlen.o)
                              ./output/tasks.o (strlen)
c:/program files (x86)/gnu arm embedded toolchain/10 2021.10/bin/../lib/gcc/arm-none-eabi/10.3.1/../../../../arm-none-eabi/lib/thumb/v7-m/nofp\libg_nano.a(lib_a-writer.o)
                              c:/program files (x86)/gnu arm embedded toolchain/10 2021.10/bin/../lib/gcc/arm-none-eabi/10.3.1/../../../../arm-none-eabi/lib/thumb/v7-m/nofp\libg_nano.a(lib_a-stdio.o) (_write_r)
[...]
Memory Configuration

Name             Origin             Length             Attributes
FLASH            0x00000000         0x00400000         xr
RAM              0x20000000         0x00400000         rw
*default*        0x00000000         0xffffffff

Linker script and memory map

LOAD ./output/tasks.o
LOAD ./output/list.o
LOAD ./output/queue.o
LOAD ./output/timers.o
LOAD ./output/event_groups.o
LOAD ./output/stream_buffer.o
LOAD ./output/heap_4.o
LOAD ./output/port.o
LOAD ./output/AbortDelay.o
LOAD ./output/BlockQ.o
LOAD ./output/blocktim.o
LOAD ./output/countsem.o
LOAD ./output/death.o
LOAD ./output/dynamic.o
LOAD ./output/EventGroupsDemo.o
LOAD ./output/GenQTest.o
LOAD ./output/integer.o
LOAD ./output/IntQueue.o
LOAD ./output/IntQueueTimer.o
LOAD ./output/IntSemTest.o
LOAD ./output/MessageBufferAMP.o
LOAD ./output/MessageBufferDemo.o
LOAD ./output/PollQ.o
LOAD ./output/QPeek.o
LOAD ./output/QueueOverwrite.o
LOAD ./output/QueueSet.o
LOAD ./output/QueueSetPolling.o
LOAD ./output/recmutex.o
LOAD ./output/semtest.o
LOAD ./output/StaticAllocation.o
LOAD ./output/StreamBufferDemo.o
LOAD ./output/StreamBufferInterrupt.o
LOAD ./output/TaskNotify.o
LOAD ./output/TaskNotifyArray.o
LOAD ./output/TimerDemo.o
LOAD ./output/main.o
LOAD ./output/temp_logger.o
LOAD ./output/startup_gcc.o
LOAD ./output/RegTest.o
LOAD ./output/printf-stdarg.o
LOAD ./output/trcKernelPort.o
LOAD ./output/trcStreamPort.o
LOAD ./output/trcAssert.o
LOAD ./output/trcCounter.o
LOAD ./output/trcDependency.o
LOAD ./output/trcDiagnostics.o
LOAD ./output/trcEntryTable.o
LOAD ./output/trcError.o
LOAD ./output/trcEvent.o
LOAD ./output/trcEventBuffer.o
LOAD ./output/trcExtension.o
LOAD ./output/trcHardwarePort.o
LOAD ./output/trcHeap.o
LOAD ./output/trcInternalEventBuffer.o
LOAD ./output/trcInterval.o
LOAD ./output/trcISR.o
LOAD ./output/trcMultiCoreEventBuffer.o
LOAD ./output/trcObject.o
LOAD ./output/trcPrint.o
LOAD ./output/trcRunnable.o
LOAD ./output/trcSnapshotRecorder.o
LOAD ./output/trcStackMonitor.o
LOAD ./output/trcStateMachine.o
LOAD ./output/trcStaticBuffer.o
LOAD ./output/trcStreamingRecorder.o
LOAD ./output/trcString.o
LOAD ./output/trcTask.o
LOAD ./output/trcTimestamp.o
START GROUP
LOAD c:/program files (x86)/gnu arm embedded toolchain/10 2021.10/bin/../lib/gcc/arm-none-eabi/10.3.1/thumb/v7-m/nofp\libgcc.a
LOAD c:/program files (x86)/gnu arm embedded toolchain/10 2021.10/bin/../lib/gcc/arm-none-eabi/10.3.1/../../../../arm-none-eabi/lib/thumb/v7-m/nofp\libg_nano.a
LOAD c:/program files (x86)/gnu arm embedded toolchain/10 2021.10/bin/../lib/gcc/arm-none-eabi/10.3.1/../../../../arm-none-eabi/lib/thumb/v7-m/nofp\libc_nano.a
END GROUP
START GROUP
LOAD c:/program files (x86)/gnu arm embedded toolchain/10 2021.10/bin/../lib/gcc/arm-none-eabi/10.3.1/thumb/v7-m/nofp\libgcc.a
LOAD c:/program files (x86)/gnu arm embedded toolchain/10 2021.10/bin/../lib/gcc/arm-none-eabi/10.3.1/../../../../arm-none-eabi/lib/thumb/v7-m/nofp\libc_nano.a
LOAD c:/program files (x86)/gnu arm embedded toolchain/10 2021.10/bin/../lib/gcc/arm-none-eabi/10.3.1/../../../../arm-none-eabi/lib/thumb/v7-m/nofp\libnosys.a
END GROUP
START GROUP
LOAD c:/program files (x86)/gnu arm embedded toolchain/10 2021.10/bin/../lib/gcc/arm-none-eabi/10.3.1/thumb/v7-m/nofp\libgcc.a
LOAD c:/program files (x86)/gnu arm embedded toolchain/10 2021.10/bin/../lib/gcc/arm-none-eabi/10.3.1/../../../../arm-none-eabi/lib/thumb/v7-m/nofp\libc_nano.a
LOAD c:/program files (x86)/gnu arm embedded toolchain/10 2021.10/bin/../lib/gcc/arm-none-eabi/10.3.1/../../../../arm-none-eabi/lib/thumb/v7-m/nofp\libnosys.a
END GROUP
                0x00000008                _Min_Heap_Size = 0x8
                0x00000400                _Min_Stack_Size = 0x400
                0x20400000                _estack = (ORIGIN (RAM) + LENGTH (RAM))

.isr_vector     0x00000000       0x78
                0x00000000                __vector_table = .
 *(.isr_vector)
 .isr_vector    0x00000000       0x78 ./output/startup_gcc.o
                0x00000000                isr_vector
                0x00000078                . = ALIGN (0x4)

.text           0x00000078      0x990
 *(.text)
 *(.rodata*)
 .rodata.prvTaskIsTaskSuspended.str1.1
                0x00000078       0x1d ./output/tasks.o
 .rodata.vTaskStartScheduler.str1.1
                0x00000095        0x5 ./output/tasks.o
 .rodata.prvNotifyQueueSetContainer.str1.1
                0x0000009a       0x1d ./output/queue.o
 .rodata.prvInitialiseNewQueue.str1.1
                0x000000b7       0x1d ./output/queue.o
                                  0x1 (size before relaxing)
 .rodata.prvCheckForValidListAndQueue.str1.1
                0x000000b7        0x5 ./output/timers.o
 .rodata.prvTimerTask.str1.1
                0x000000bc       0x1e ./output/timers.o
 .rodata.xTimerCreateTimerTask.str1.1
                0x000000da        0x8 ./output/timers.o
 .rodata.pvPortMalloc.str1.1
                0x000000e2       0x2f ./output/heap_4.o
 .rodata.prvTaskExitError.str1.1
                0x00000111       0x31 ./output/port.o
 .rodata.vApplicationMallocFailedHook.str1.1
                0x00000142       0x14 ./output/main.o
 .rodata.vApplicationStackOverflowHook.str1.1
                0x00000156       0x1b ./output/main.o
 .rodata.vAssertCalled.str1.1
                0x00000171       0x1b ./output/main.o
 .rodata.prvQueueReceiveTask.str1.1
                0x0000018c       0xb0 ./output/temp_logger.o
 .rodata.temp_logger.str1.1
                0x0000023c       0x19 ./output/temp_logger.o
 .rodata.prvGetRegistersFromStack.str1.1
                0x00000255       0x36 ./output/startup_gcc.o
 .rodata.tiny_print.str1.1
                0x0000028b        0x7 ./output/printf-stdarg.o
 .rodata.xTraceKernelPortEnable.str1.1
                0x00000292        0xc ./output/trcKernelPort.o
                                 0x13 (size before relaxing)
 .rodata.xTraceAssertInitialize.str1.1
                0x0000029e       0x4e ./output/trcAssert.o
 .rodata.xTraceCounterInitialize.str1.1
                0x000002ec       0x4f ./output/trcCounter.o
 .rodata.xTraceDiagnosticsInitialize.str1.1
                0x0000033b       0x53 ./output/trcDiagnostics.o
 .rodata.xTraceEntryIndexTableInitialize.str1.1
                0x0000038e       0x52 ./output/trcEntryTable.o
 .rodata.xTraceEntrySetSymbol.str1.1
                0x000003e0        0x1 ./output/trcEntryTable.o
 .rodata.prvTraceErrorGetDescription.str1.1
                0x000003e0      0x17b ./output/trcError.o
 .rodata.prvTraceErrorPrint.str1.1
                0x0000055b        0x5 ./output/trcError.o
 .rodata.xTraceErrorInitialize.str1.1
                0x00000560       0x4d ./output/trcError.o
 .rodata.xTraceError.str1.1
                0x000005ad       0x26 ./output/trcError.o
 .rodata.xTraceEventInitialize.str1.1
                0x000005d3       0x4d ./output/trcEvent.o
 .rodata.prvTraceEventBufferAllocPop.isra.0.str1.1
                0x00000620       0x53 ./output/trcEventBuffer.o
 .rodata.xTraceExtensionInitialize.str1.1
                0x00000673       0x51 ./output/trcExtension.o
 .rodata.xTraceHeapAlloc.str1.1
                0x000006c4       0x4c ./output/trcHeap.o
 .rodata.xTraceISRInitialize.str1.1
                0x00000710       0x4b ./output/trcISR.o
 .rodata.xTraceMultiCoreEventBufferInitialize.str1.1
                0x0000075b       0x5c ./output/trcMultiCoreEventBuffer.o
 .rodata.xTraceObjectUnregister.str1.1
                0x000007b7       0x4e ./output/trcObject.o
 .rodata.xTraceObjectSetName.str1.1
                0x00000805        0x1 ./output/trcObject.o
 .rodata.prvTraceVPrintF.str1.1
                0x00000805        0x8 ./output/trcPrint.o
 .rodata.xTracePrintInitialize.str1.1
                0x0000080d       0x4d ./output/trcPrint.o
 .rodata.xTracePrint.str1.1
                0x0000085a        0x1 ./output/trcPrint.o
 .rodata.xTraceStaticBufferInitialize.str1.1
                0x0000085a       0x54 ./output/trcStaticBuffer.o
 .rodata.xTraceHeaderInitialize.str1.1
                0x000008ae        0x9 ./output/trcStreamingRecorder.o
 .rodata.xTraceStringRegister.str1.1
                0x000008b7       0x4e ./output/trcString.o
 .rodata.xTraceTaskInitialize.str1.1
                0x00000905       0x4c ./output/trcTask.o
 .rodata.xTraceTimestampInitialize.str1.1
                0x00000951       0x51 ./output/trcTimestamp.o
 *fill*         0x000009a2        0x2 
 .rodata.__sf_fake_stderr
                0x000009a4       0x20 c:/program files (x86)/gnu arm embedded toolchain/10 2021.10/bin/../lib/gcc/arm-none-eabi/10.3.1/../../../../arm-none-eabi/lib/thumb/v7-m/nofp\libg_nano.a(lib_a-findfp.o)
                0x000009a4                __sf_fake_stderr
 .rodata.__sf_fake_stdin
                0x000009c4       0x20 c:/program files (x86)/gnu arm embedded toolchain/10 2021.10/bin/../lib/gcc/arm-none-eabi/10.3.1/../../../../arm-none-eabi/lib/thumb/v7-m/nofp\libg_nano.a(lib_a-findfp.o)
                0x000009c4                __sf_fake_stdin
 .rodata.__sf_fake_stdout
                0x000009e4       0x20 c:/program files (x86)/gnu arm embedded toolchain/10 2021.10/bin/../lib/gcc/arm-none-eabi/10.3.1/../../../../arm-none-eabi/lib/thumb/v7-m/nofp\libg_nano.a(lib_a-findfp.o)
                0x000009e4                __sf_fake_stdout
 .rodata._global_impure_ptr
                0x00000a04        0x4 c:/program files (x86)/gnu arm embedded toolchain/10 2021.10/bin/../lib/gcc/arm-none-eabi/10.3.1/../../../../arm-none-eabi/lib/thumb/v7-m/nofp\libg_nano.a(lib_a-impure.o)
                0x00000a04                _global_impure_ptr
 *(.constdata*)
                0x00000a08                _etext = .
                0x00000a08                _sidata = .

.glue_7         0x00000a08        0x0
 .glue_7        0x00000a08        0x0 linker stubs

.glue_7t        0x00000a08        0x0
 .glue_7t       0x00000a08        0x0 linker stubs

.vfp11_veneer   0x00000a08        0x0
 .vfp11_veneer  0x00000a08        0x0 linker stubs

.v4_bx          0x00000a08        0x0
 .v4_bx         0x00000a08        0x0 linker stubs

.text.prvAddNewTaskToReadyList
                0x00000a08      0x128
 .text.prvAddNewTaskToReadyList
                0x00000a08      0x128 ./output/tasks.o

.text.prvAddCurrentTaskToDelayedList
                0x00000b30       0xb4
 .text.prvAddCurrentTaskToDelayedList
                0x00000b30       0xb4 ./output/tasks.o

.text.prvResetNextTaskUnblockTime
                0x00000be4       0x24
 .text.prvResetNextTaskUnblockTime
                0x00000be4       0x24 ./output/tasks.o

.text.prvDeleteTCB
                0x00000c08       0x38
 .text.prvDeleteTCB
                0x00000c08       0x38 ./output/tasks.o

.text.prvCheckTasksWaitingTermination
                0x00000c40       0x40
 .text.prvCheckTasksWaitingTermination
                0x00000c40       0x40 ./output/tasks.o

.text.prvIdleTask
                0x00000c80        0x8
 .text.prvIdleTask
                0x00000c80        0x8 ./output/tasks.o

.text.prvInitialiseNewTask.constprop.0
                0x00000c88       0xb0
 .text.prvInitialiseNewTask.constprop.0
                0x00000c88       0xb0 ./output/tasks.o

.text.xTaskCreateStatic
                0x00000d38       0x8c
 .text.xTaskCreateStatic
                0x00000d38       0x8c ./output/tasks.o
                0x00000d38                xTaskCreateStatic

.text.xTaskCreate
                0x00000dc4       0x62
 .text.xTaskCreate
                0x00000dc4       0x62 ./output/tasks.o
                0x00000dc4                xTaskCreate

.text.vTaskStartScheduler
                0x00000e28       0xbc
 .text.vTaskStartScheduler
                0x00000e28       0xbc ./output/tasks.o
                0x00000e28                vTaskStartScheduler

.text.vTaskSuspendAll
                0x00000ee4       0x10
 .text.vTaskSuspendAll
                0x00000ee4       0x10 ./output/tasks.o
                0x00000ee4                vTaskSuspendAll

.text.xTaskGetTickCount
                0x00000ef4        0xc
 .text.xTaskGetTickCount
                0x00000ef4        0xc ./output/tasks.o
                0x00000ef4                xTaskGetTickCount

.text.uxTaskGetNumberOfTasks
                0x00000f00        0xc
 .text.uxTaskGetNumberOfTasks
                0x00000f00        0xc ./output/tasks.o
                0x00000f00                uxTaskGetNumberOfTasks

.text.xTaskIncrementTick
                0x00000f0c      0x194
 .text.xTaskIncrementTick
                0x00000f0c      0x194 ./output/tasks.o
                0x00000f0c                xTaskIncrementTick

.text.xTaskResumeAll
                0x000010a0      0x140
 .text.xTaskResumeAll
                0x000010a0      0x140 ./output/tasks.o
                0x000010a0                xTaskResumeAll

.text.xTaskDelayUntil
                0x000011e0       0x90
 .text.xTaskDelayUntil
                0x000011e0       0x90 ./output/tasks.o
                0x000011e0                xTaskDelayUntil

.text.vTaskDelay
                0x00001270       0x54
 .text.vTaskDelay
                0x00001270       0x54 ./output/tasks.o
                0x00001270                vTaskDelay

.text.vTaskSwitchContext
                0x000012c4       0xbc
 .text.vTaskSwitchContext
                0x000012c4       0xbc ./output/tasks.o
                0x000012c4                vTaskSwitchContext

.text.vTaskPlaceOnEventList
                0x00001380       0x34
 .text.vTaskPlaceOnEventList
                0x00001380       0x34 ./output/tasks.o
                0x00001380                vTaskPlaceOnEventList

.text.vTaskPlaceOnEventListRestricted
                0x000013b4       0x68
 .text.vTaskPlaceOnEventListRestricted
                0x000013b4       0x68 ./output/tasks.o
                0x000013b4                vTaskPlaceOnEventListRestricted

.text.xTaskRemoveFromEventList
                0x0000141c       0xdc
 .text.xTaskRemoveFromEventList
                0x0000141c       0xdc ./output/tasks.o
                0x0000141c                xTaskRemoveFromEventList

.text.vTaskInternalSetTimeOutState
                0x000014f8       0x18
 .text.vTaskInternalSetTimeOutState
                0x000014f8       0x18 ./output/tasks.o
                0x000014f8                vTaskInternalSetTimeOutState

.text.xTaskCheckForTimeOut
                0x00001510       0x84
 .text.xTaskCheckForTimeOut
                0x00001510       0x84 ./output/tasks.o
                0x00001510                xTaskCheckForTimeOut

.text.vTaskMissedYield
                0x00001594        0xc
 .text.vTaskMissedYield
                0x00001594        0xc ./output/tasks.o
                0x00001594                vTaskMissedYield

.text.xTaskGetSchedulerState
                0x000015a0       0x20
 .text.xTaskGetSchedulerState
                0x000015a0       0x20 ./output/tasks.o
                0x000015a0                xTaskGetSchedulerState

.text.xTaskPriorityDisinherit
                0x000015c0       0xb0
 .text.xTaskPriorityDisinherit
                0x000015c0       0xb0 ./output/tasks.o
                0x000015c0                xTaskPriorityDisinherit

.iplt           0x00001670        0x0
 .iplt          0x00001670        0x0 ./output/tasks.o

.text.vListInitialise
                0x00001670       0x16
 .text.vListInitialise
                0x00001670       0x16 ./output/list.o
                0x00001670                vListInitialise

.text.vListInitialiseItem
                0x00001686        0x6
 .text.vListInitialiseItem
                0x00001686        0x6 ./output/list.o
                0x00001686                vListInitialiseItem

.text.vListInsert
                0x0000168c       0x2e
 .text.vListInsert
                0x0000168c       0x2e ./output/list.o
                0x0000168c                vListInsert

.text.uxListRemove
                0x000016ba       0x1e
 .text.uxListRemove
                0x000016ba       0x1e ./output/list.o
                0x000016ba                uxListRemove

.text.prvIsQueueEmpty
                0x000016d8       0x16
 .text.prvIsQueueEmpty
                0x000016d8       0x16 ./output/queue.o

.text.prvCopyDataToQueue
                0x000016ee       0x6a
 .text.prvCopyDataToQueue
                0x000016ee       0x6a ./output/queue.o

.text.prvCopyDataFromQueue
                0x00001758       0x28
 .text.prvCopyDataFromQueue
                0x00001758       0x28 ./output/queue.o

.text.prvNotifyQueueSetContainer
                0x00001780       0x90
 .text.prvNotifyQueueSetContainer
                0x00001780       0x90 ./output/queue.o

.text.prvUnlockQueue
                0x00001810       0x7c
 .text.prvUnlockQueue
                0x00001810       0x7c ./output/queue.o

.text.xQueueGenericReset
                0x0000188c       0x98
 .text.xQueueGenericReset
                0x0000188c       0x98 ./output/queue.o
                0x0000188c                xQueueGenericReset

.text.prvInitialiseNewQueue
                0x00001924       0x68
 .text.prvInitialiseNewQueue
                0x00001924       0x68 ./output/queue.o

.text.xQueueGenericCreateStatic
                0x0000198c       0x6c
 .text.xQueueGenericCreateStatic
                0x0000198c       0x6c ./output/queue.o
                0x0000198c                xQueueGenericCreateStatic

.text.xQueueGenericCreate
                0x000019f8       0x9c
 .text.xQueueGenericCreate
                0x000019f8       0x9c ./output/queue.o
                0x000019f8                xQueueGenericCreate

.text.xQueueGenericSend
                0x00001a94      0x208
 .text.xQueueGenericSend
                0x00001a94      0x208 ./output/queue.o
                0x00001a94                xQueueGenericSend

.text.xQueueGenericSendFromISR
                0x00001c9c      0x134
 .text.xQueueGenericSendFromISR
                0x00001c9c      0x134 ./output/queue.o
                0x00001c9c                xQueueGenericSendFromISR

.text.xQueueReceive
                0x00001dd0      0x1d8
 .text.xQueueReceive
                0x00001dd0      0x1d8 ./output/queue.o
                0x00001dd0                xQueueReceive

.text.xQueueReceiveFromISR
                0x00001fa8       0xf4
 .text.xQueueReceiveFromISR
                0x00001fa8       0xf4 ./output/queue.o
                0x00001fa8                xQueueReceiveFromISR

.text.xQueueIsQueueFullFromISR
                0x0000209c       0x20
 .text.xQueueIsQueueFullFromISR
                0x0000209c       0x20 ./output/queue.o
                0x0000209c                xQueueIsQueueFullFromISR

.text.vQueueAddToRegistry
                0x000020bc       0x58
 .text.vQueueAddToRegistry
                0x000020bc       0x58 ./output/queue.o
                0x000020bc                vQueueAddToRegistry

.text.vQueueWaitForMessageRestricted
                0x00002114       0x46
 .text.vQueueWaitForMessageRestricted
                0x00002114       0x46 ./output/queue.o
                0x00002114                vQueueWaitForMessageRestricted

.text.prvCheckForValidListAndQueue
                0x0000215c       0x68
 .text.prvCheckForValidListAndQueue
                0x0000215c       0x68 ./output/timers.o

.text.prvInsertTimerInActiveList
                0x000021c4       0x3c
 .text.prvInsertTimerInActiveList
                0x000021c4       0x3c ./output/timers.o

.text.prvReloadTimer
                0x00002200       0x30
 .text.prvReloadTimer
                0x00002200       0x30 ./output/timers.o

.text.prvProcessExpiredTimer
                0x00002230       0x48
 .text.prvProcessExpiredTimer
                0x00002230       0x48 ./output/timers.o

.text.prvSampleTimeNow
                0x00002278       0x4c
 .text.prvSampleTimeNow
                0x00002278       0x4c ./output/timers.o

.text.prvTimerTask
                0x000022c4      0x190
 .text.prvTimerTask
                0x000022c4      0x190 ./output/timers.o

.text.xTimerCreateTimerTask
                0x00002454       0x64
 .text.xTimerCreateTimerTask
                0x00002454       0x64 ./output/timers.o
                0x00002454                xTimerCreateTimerTask

.text.xTimerCreate
                0x000024b8       0x64
 .text.xTimerCreate
                0x000024b8       0x64 ./output/timers.o
                0x000024b8                xTimerCreate

.text.xTimerGenericCommandFromTask
                0x0000251c       0xfc
 .text.xTimerGenericCommandFromTask
                0x0000251c       0xfc ./output/timers.o
                0x0000251c                xTimerGenericCommandFromTask

.text.pvPortMalloc
                0x00002618      0x1bc
 .text.pvPortMalloc
                0x00002618      0x1bc ./output/heap_4.o
                0x00002618                pvPortMalloc

.text.vPortFree
                0x000027d4      0x11c
 .text.vPortFree
                0x000027d4      0x11c ./output/heap_4.o
                0x000027d4                vPortFree

.text.vPortSVCHandler
                0x000028f0       0x24
 .text.vPortSVCHandler
                0x000028f0       0x24 ./output/port.o
                0x000028f0                vPortSVCHandler

.text.prvPortStartFirstTask
                0x00002914       0x20
 .text.prvPortStartFirstTask
                0x00002914       0x20 ./output/port.o

.text.xPortPendSVHandler
                0x00002934       0x44
 .text.xPortPendSVHandler
                0x00002934       0x44 ./output/port.o
                0x00002934                xPortPendSVHandler

.text.prvTaskExitError
                0x00002978       0x3c
 .text.prvTaskExitError
                0x00002978       0x3c ./output/port.o

.text.pxPortInitialiseStack
                0x000029b4       0x24
 .text.pxPortInitialiseStack
                0x000029b4       0x24 ./output/port.o
                0x000029b4                pxPortInitialiseStack

.text.vPortEnterCritical
                0x000029d8       0x3c
 .text.vPortEnterCritical
                0x000029d8       0x3c ./output/port.o
                0x000029d8                vPortEnterCritical

.text.vPortExitCritical
                0x00002a14       0x28
 .text.vPortExitCritical
                0x00002a14       0x28 ./output/port.o
                0x00002a14                vPortExitCritical

.text.xPortSysTickHandler
                0x00002a3c       0x2c
 .text.xPortSysTickHandler
                0x00002a3c       0x2c ./output/port.o
                0x00002a3c                xPortSysTickHandler

.text.vPortSetupTimerInterrupt
                0x00002a68       0x16
 .text.vPortSetupTimerInterrupt
                0x00002a68       0x16 ./output/port.o
                0x00002a68                vPortSetupTimerInterrupt

.text.xPortStartScheduler
                0x00002a80      0x10c
 .text.xPortStartScheduler
                0x00002a80      0x10c ./output/port.o
                0x00002a80                xPortStartScheduler

.text.vPortValidateInterruptPriority
                0x00002b8c       0x54
 .text.vPortValidateInterruptPriority
                0x00002b8c       0x54 ./output/port.o
                0x00002b8c                vPortValidateInterruptPriority

.text.prvRecordValue_NormallyFull
                0x00002be0       0x28
 .text.prvRecordValue_NormallyFull
                0x00002be0       0x28 ./output/IntQueue.o

.text.prvRecordValue_NormallyEmpty
                0x00002c08       0x28
 .text.prvRecordValue_NormallyEmpty
                0x00002c08       0x28 ./output/IntQueue.o

.text.xFirstTimerHandler
                0x00002c30      0x138
 .text.xFirstTimerHandler
                0x00002c30      0x138 ./output/IntQueue.o
                0x00002c30                xFirstTimerHandler

.text.xSecondTimerHandler
                0x00002d68      0x1e8
 .text.xSecondTimerHandler
                0x00002d68      0x1e8 ./output/IntQueue.o
                0x00002d68                xSecondTimerHandler

.text.TIMER0_Handler
                0x00002f50       0x3c
 .text.TIMER0_Handler
                0x00002f50       0x3c ./output/IntQueueTimer.o
                0x00002f50                TIMER0_Handler

.text.TIMER1_Handler
                0x00002f8c       0x3c
 .text.TIMER1_Handler
                0x00002f8c       0x3c ./output/IntQueueTimer.o
                0x00002f8c                TIMER1_Handler

.text.startup.main
                0x00002fc8       0x28
 .text.startup.main
                0x00002fc8       0x28 ./output/main.o
                0x00002fc8                main

.text.vApplicationMallocFailedHook
                0x00002ff0       0x20
 .text.vApplicationMallocFailedHook
                0x00002ff0       0x20 ./output/main.o
                0x00002ff0                vApplicationMallocFailedHook

.text.vApplicationStackOverflowHook
                0x00003010       0x20
 .text.vApplicationStackOverflowHook
                0x00003010       0x20 ./output/main.o
                0x00003010                vApplicationStackOverflowHook

.text.vApplicationTickHook
                0x00003030        0x2
 .text.vApplicationTickHook
                0x00003030        0x2 ./output/main.o
                0x00003030                vApplicationTickHook

.text.vAssertCalled
                0x00003034       0x2c
 .text.vAssertCalled
                0x00003034       0x2c ./output/main.o
                0x00003034                vAssertCalled

.text.vApplicationGetIdleTaskMemory
                0x00003060       0x18
 .text.vApplicationGetIdleTaskMemory
                0x00003060       0x18 ./output/main.o
                0x00003060                vApplicationGetIdleTaskMemory

.text.vApplicationGetTimerTaskMemory
                0x00003078       0x18
 .text.vApplicationGetTimerTaskMemory
                0x00003078       0x18 ./output/main.o
                0x00003078                vApplicationGetTimerTaskMemory

.text.prvQueueSendTimerCallback
                0x00003090       0x20
 .text.prvQueueSendTimerCallback
                0x00003090       0x20 ./output/temp_logger.o

.text.prvQueueSendTask
                0x000030b0       0x28
 .text.prvQueueSendTask
                0x000030b0       0x28 ./output/temp_logger.o

.text.prvQueueReceiveTask
                0x000030d8       0x6c
 .text.prvQueueReceiveTask
                0x000030d8       0x6c ./output/temp_logger.o

.text.temp_logger
                0x00003144       0x8c
 .text.temp_logger
                0x00003144       0x8c ./output/temp_logger.o
                0x00003144                temp_logger

.text.Default_Handler
                0x00003200        0xc
 .text.Default_Handler
                0x00003200        0xc ./output/startup_gcc.o

.text.HardFault_Handler
                0x00003300       0x18
 .text.HardFault_Handler
                0x00003300       0x18 ./output/startup_gcc.o

.text.Reset_Handler
                0x00003318        0x4
 .text.Reset_Handler
                0x00003318        0x4 ./output/startup_gcc.o
                0x00003318                Reset_Handler

.text.prvGetRegistersFromStack
                0x0000331c       0x6c
 .text.prvGetRegistersFromStack
                0x0000331c       0x6c ./output/startup_gcc.o

.text.printchar
                0x00003388       0x1e
 .text.printchar
                0x00003388       0x1e ./output/printf-stdarg.o

.text.prints    0x000033a6       0x82
 .text.prints   0x000033a6       0x82 ./output/printf-stdarg.o

.text.printi    0x00003428       0xa6
 .text.printi   0x00003428       0xa6 ./output/printf-stdarg.o

.text.tiny_print
                0x000034d0      0x124
 .text.tiny_print
                0x000034d0      0x124 ./output/printf-stdarg.o

.text.printf    0x000035f4       0x1e
 .text.printf   0x000035f4       0x1e ./output/printf-stdarg.o
                0x000035f4                printf

.text.TzCtrl    0x00003612       0x10
 .text.TzCtrl   0x00003612       0x10 ./output/trcKernelPort.o

.text.xTraceKernelPortInitialize
                0x00003624       0x18
 .text.xTraceKernelPortInitialize
                0x00003624       0x18 ./output/trcKernelPort.o
                0x00003624                xTraceKernelPortInitialize

.text.xTraceKernelPortEnable
                0x0000363c       0x68
 .text.xTraceKernelPortEnable
                0x0000363c       0x68 ./output/trcKernelPort.o
                0x0000363c                xTraceKernelPortEnable

.text.vTraceSetQueueName
                0x000036a4        0x4
 .text.vTraceSetQueueName
                0x000036a4        0x4 ./output/trcKernelPort.o
                0x000036a4                vTraceSetQueueName

.text.xTraceKernelPortGetSystemHeapHandle
                0x000036a8        0xc
 .text.xTraceKernelPortGetSystemHeapHandle
                0x000036a8        0xc ./output/trcKernelPort.o
                0x000036a8                xTraceKernelPortGetSystemHeapHandle

.text.xTraceStreamPortInitialize
                0x000036b4       0xd8
 .text.xTraceStreamPortInitialize
                0x000036b4       0xd8 ./output/trcStreamPort.o
                0x000036b4                xTraceStreamPortInitialize

.text.xTraceStreamPortOnTraceBegin
                0x0000378c        0xc
 .text.xTraceStreamPortOnTraceBegin
                0x0000378c        0xc ./output/trcStreamPort.o
                0x0000378c                xTraceStreamPortOnTraceBegin

.text.prvTraceAssertCreate
                0x00003798       0x90
 .text.prvTraceAssertCreate
                0x00003798       0x90 ./output/trcAssert.o
                0x00003798                prvTraceAssertCreate

.text.xTraceAssertInitialize
                0x00003828       0x34
 .text.xTraceAssertInitialize
                0x00003828       0x34 ./output/trcAssert.o
                0x00003828                xTraceAssertInitialize

.text.xTraceAssertGet
                0x0000385c       0x50
 .text.xTraceAssertGet
                0x0000385c       0x50 ./output/trcAssert.o
                0x0000385c                xTraceAssertGet

.text.xTraceCounterInitialize
                0x000038ac       0x34
 .text.xTraceCounterInitialize
                0x000038ac       0x34 ./output/trcCounter.o
                0x000038ac                xTraceCounterInitialize

.text.xTraceDiagnosticsInitialize
                0x000038e0       0x3c
 .text.xTraceDiagnosticsInitialize
                0x000038e0       0x3c ./output/trcDiagnostics.o
                0x000038e0                xTraceDiagnosticsInitialize

.text.xTraceDiagnosticsAdd
                0x0000391c       0x3c
 .text.xTraceDiagnosticsAdd
                0x0000391c       0x3c ./output/trcDiagnostics.o
                0x0000391c                xTraceDiagnosticsAdd

.text.xTraceDiagnosticsIncrease
                0x00003958        0x6
 .text.xTraceDiagnosticsIncrease
                0x00003958        0x6 ./output/trcDiagnostics.o
                0x00003958                xTraceDiagnosticsIncrease

.text.xTraceDiagnosticsSetIfHigher
                0x00003960       0x40
 .text.xTraceDiagnosticsSetIfHigher
                0x00003960       0x40 ./output/trcDiagnostics.o
                0x00003960                xTraceDiagnosticsSetIfHigher

.text.xTraceDiagnosticsCheckStatus
                0x000039a0       0x6c
 .text.xTraceDiagnosticsCheckStatus
                0x000039a0       0x6c ./output/trcDiagnostics.o
                0x000039a0                xTraceDiagnosticsCheckStatus

.text.xTraceEntryIndexTableInitialize
                0x00003a0c       0x2c
 .text.xTraceEntryIndexTableInitialize
                0x00003a0c       0x2c ./output/trcEntryTable.o
                0x00003a0c                xTraceEntryIndexTableInitialize

.text.xTraceEntryTableInitialize
                0x00003a38       0x54
 .text.xTraceEntryTableInitialize
                0x00003a38       0x54 ./output/trcEntryTable.o
                0x00003a38                xTraceEntryTableInitialize

.text.xTraceEntryCreate
                0x00003a8c       0x84
 .text.xTraceEntryCreate
                0x00003a8c       0x84 ./output/trcEntryTable.o
                0x00003a8c                xTraceEntryCreate

.text.xTraceEntryDelete
                0x00003b10       0x80
 .text.xTraceEntryDelete
                0x00003b10       0x80 ./output/trcEntryTable.o
                0x00003b10                xTraceEntryDelete

.text.xTraceEntryFind
                0x00003b90       0x58
 .text.xTraceEntryFind
                0x00003b90       0x58 ./output/trcEntryTable.o
                0x00003b90                xTraceEntryFind

.text.xTraceEntrySetSymbol
                0x00003be8       0x6c
 .text.xTraceEntrySetSymbol
                0x00003be8       0x6c ./output/trcEntryTable.o
                0x00003be8                xTraceEntrySetSymbol

.text.xTraceEntryCreateWithAddress
                0x00003c54       0x2c
 .text.xTraceEntryCreateWithAddress
                0x00003c54       0x2c ./output/trcEntryTable.o
                0x00003c54                xTraceEntryCreateWithAddress

.text.xTraceEntrySetState
                0x00003c80       0x54
 .text.xTraceEntrySetState
                0x00003c80       0x54 ./output/trcEntryTable.o
                0x00003c80                xTraceEntrySetState

.text.xTraceEntrySetOptions
                0x00003cd4       0x48
 .text.xTraceEntrySetOptions
                0x00003cd4       0x48 ./output/trcEntryTable.o
                0x00003cd4                xTraceEntrySetOptions

.text.xTraceEntryGetAddress
                0x00003d1c       0x50
 .text.xTraceEntryGetAddress
                0x00003d1c       0x50 ./output/trcEntryTable.o
                0x00003d1c                xTraceEntryGetAddress

.text.xTraceEntryGetSymbol
                0x00003d6c       0x50
 .text.xTraceEntryGetSymbol
                0x00003d6c       0x50 ./output/trcEntryTable.o
                0x00003d6c                xTraceEntryGetSymbol

.text.xTraceEntryGetState
                0x00003dbc       0x5c
 .text.xTraceEntryGetState
                0x00003dbc       0x5c ./output/trcEntryTable.o
                0x00003dbc                xTraceEntryGetState

.text.prvTraceErrorGetDescription
                0x00003e18       0x90
 .text.prvTraceErrorGetDescription
                0x00003e18       0x90 ./output/trcError.o

.text.prvTraceErrorPrint
                0x00003ea8       0x74
 .text.prvTraceErrorPrint
                0x00003ea8       0x74 ./output/trcError.o

.text.xTraceErrorInitialize
                0x00003f1c       0x38
 .text.xTraceErrorInitialize
                0x00003f1c       0x38 ./output/trcError.o
                0x00003f1c                xTraceErrorInitialize

.text.xTraceWarning
                0x00003f54       0x40
 .text.xTraceWarning
                0x00003f54       0x40 ./output/trcError.o
                0x00003f54                xTraceWarning

.text.xTraceError
                0x00003f94       0x58
 .text.xTraceError
                0x00003f94       0x58 ./output/trcError.o
                0x00003f94                xTraceError

.text.xTraceEventInitialize
                0x00003fec       0x34
 .text.xTraceEventInitialize
                0x00003fec       0x34 ./output/trcEvent.o
                0x00003fec                xTraceEventInitialize

.text.xTraceEventCreate1
                0x00004020       0x98
 .text.xTraceEventCreate1
                0x00004020       0x98 ./output/trcEvent.o
                0x00004020                xTraceEventCreate1

.text.xTraceEventCreate2
                0x000040b8       0x9c
 .text.xTraceEventCreate2
                0x000040b8       0x9c ./output/trcEvent.o
                0x000040b8                xTraceEventCreate2

.text.xTraceEventCreate3
                0x00004154       0xa0
 .text.xTraceEventCreate3
                0x00004154       0xa0 ./output/trcEvent.o
                0x00004154                xTraceEventCreate3

.text.xTraceEventCreate4
                0x000041f4       0xa4
 .text.xTraceEventCreate4
                0x000041f4       0xa4 ./output/trcEvent.o
                0x000041f4                xTraceEventCreate4

.text.xTraceEventCreateDataOffline0
                0x00004298       0xa4
 .text.xTraceEventCreateDataOffline0
                0x00004298       0xa4 ./output/trcEvent.o
                0x00004298                xTraceEventCreateDataOffline0

.text.xTraceEventCreateData1
                0x0000433c       0xc4
 .text.xTraceEventCreateData1
                0x0000433c       0xc4 ./output/trcEvent.o
                0x0000433c                xTraceEventCreateData1

.text.xTraceEventCreateData2
                0x00004400       0xd0
 .text.xTraceEventCreateData2
                0x00004400       0xd0 ./output/trcEvent.o
                0x00004400                xTraceEventCreateData2

.text.xTraceEventCreateData3
                0x000044d0       0xd4
 .text.xTraceEventCreateData3
                0x000044d0       0xd4 ./output/trcEvent.o
                0x000044d0                xTraceEventCreateData3

.text.xTraceEventCreateData4
                0x000045a4       0xd8
 .text.xTraceEventCreateData4
                0x000045a4       0xd8 ./output/trcEvent.o
                0x000045a4                xTraceEventCreateData4

.text.xTraceEventCreateData5
                0x0000467c       0xdc
 .text.xTraceEventCreateData5
                0x0000467c       0xdc ./output/trcEvent.o
                0x0000467c                xTraceEventCreateData5

.text.xTraceEventCreateData6
                0x00004758       0xe0
 .text.xTraceEventCreateData6
                0x00004758       0xe0 ./output/trcEvent.o
                0x00004758                xTraceEventCreateData6

.text.xTraceEventGetSize
                0x00004838       0x38
 .text.xTraceEventGetSize
                0x00004838       0x38 ./output/trcEvent.o
                0x00004838                xTraceEventGetSize

.text.prvTraceEventBufferAllocPop.isra.0
                0x00004870       0x48
 .text.prvTraceEventBufferAllocPop.isra.0
                0x00004870       0x48 ./output/trcEventBuffer.o

.text.xTraceEventBufferInitialize
                0x000048b8       0x48
 .text.xTraceEventBufferInitialize
                0x000048b8       0x48 ./output/trcEventBuffer.o
                0x000048b8                xTraceEventBufferInitialize

.text.xTraceEventBufferAlloc
                0x00004900      0x100
 .text.xTraceEventBufferAlloc
                0x00004900      0x100 ./output/trcEventBuffer.o
                0x00004900                xTraceEventBufferAlloc

.text.xTraceEventBufferAllocCommit
                0x00004a00       0x2c
 .text.xTraceEventBufferAllocCommit
                0x00004a00       0x2c ./output/trcEventBuffer.o
                0x00004a00                xTraceEventBufferAllocCommit

.text.xTraceEventBufferClear
                0x00004a2c       0x28
 .text.xTraceEventBufferClear
                0x00004a2c       0x28 ./output/trcEventBuffer.o
                0x00004a2c                xTraceEventBufferClear

.text.xTraceExtensionInitialize
                0x00004a54       0x34
 .text.xTraceExtensionInitialize
                0x00004a54       0x34 ./output/trcExtension.o
                0x00004a54                xTraceExtensionInitialize

.text.xTraceHeapCreate
                0x00004a88       0x2a
 .text.xTraceHeapCreate
                0x00004a88       0x2a ./output/trcHeap.o
                0x00004a88                xTraceHeapCreate

.text.xTraceHeapAlloc
                0x00004ab4       0x78
 .text.xTraceHeapAlloc
                0x00004ab4       0x78 ./output/trcHeap.o
                0x00004ab4                xTraceHeapAlloc

.text.xTraceHeapFree
                0x00004b2c       0x50
 .text.xTraceHeapFree
                0x00004b2c       0x50 ./output/trcHeap.o
                0x00004b2c                xTraceHeapFree

.text.xTraceISRInitialize
                0x00004b7c       0x48
 .text.xTraceISRInitialize
                0x00004b7c       0x48 ./output/trcISR.o
                0x00004b7c                xTraceISRInitialize

.text.xTraceMultiCoreEventBufferInitialize
                0x00004bc4       0x3c
 .text.xTraceMultiCoreEventBufferInitialize
                0x00004bc4       0x3c ./output/trcMultiCoreEventBuffer.o
                0x00004bc4                xTraceMultiCoreEventBufferInitialize

.text.xTraceMultiCoreEventBufferAlloc
                0x00004c00       0x20
 .text.xTraceMultiCoreEventBufferAlloc
                0x00004c00       0x20 ./output/trcMultiCoreEventBuffer.o
                0x00004c00                xTraceMultiCoreEventBufferAlloc

.text.xTraceMultiCoreEventBufferAllocCommit
                0x00004c20       0x20
 .text.xTraceMultiCoreEventBufferAllocCommit
                0x00004c20       0x20 ./output/trcMultiCoreEventBuffer.o
                0x00004c20                xTraceMultiCoreEventBufferAllocCommit

.text.xTraceMultiCoreEventBufferClear
                0x00004c40       0x24
 .text.xTraceMultiCoreEventBufferClear
                0x00004c40       0x24 ./output/trcMultiCoreEventBuffer.o
                0x00004c40                xTraceMultiCoreEventBufferClear

.text.xTraceObjectUnregister
                0x00004c64       0x60
 .text.xTraceObjectUnregister
                0x00004c64       0x60 ./output/trcObject.o
                0x00004c64                xTraceObjectUnregister

.text.xTraceObjectSetName
                0x00004cc4       0x44
 .text.xTraceObjectSetName
                0x00004cc4       0x44 ./output/trcObject.o
                0x00004cc4                xTraceObjectSetName

.text.xTraceObjectRegisterInternal
                0x00004d08      0x100
 .text.xTraceObjectRegisterInternal
                0x00004d08      0x100 ./output/trcObject.o
                0x00004d08                xTraceObjectRegisterInternal

.text.xTraceObjectRegisterWithoutHandle
                0x00004e08       0x1e
 .text.xTraceObjectRegisterWithoutHandle
                0x00004e08       0x1e ./output/trcObject.o
                0x00004e08                xTraceObjectRegisterWithoutHandle

.text.xTraceObjectUnregisterWithoutHandle
                0x00004e26       0x30
 .text.xTraceObjectUnregisterWithoutHandle
                0x00004e26       0x30 ./output/trcObject.o
                0x00004e26                xTraceObjectUnregisterWithoutHandle

.text.xTraceObjectSetNameWithoutHandle
                0x00004e56       0x38
 .text.xTraceObjectSetNameWithoutHandle
                0x00004e56       0x38 ./output/trcObject.o
                0x00004e56                xTraceObjectSetNameWithoutHandle

.text.prvTraceVPrintF
                0x00004e90       0xf4
 .text.prvTraceVPrintF
                0x00004e90       0xf4 ./output/trcPrint.o

.text.xTracePrintInitialize
                0x00004f84       0x34
 .text.xTracePrintInitialize
                0x00004f84       0x34 ./output/trcPrint.o
                0x00004f84                xTracePrintInitialize

.text.xTracePrint
                0x00004fb8       0x3c
 .text.xTracePrint
                0x00004fb8       0x3c ./output/trcPrint.o
                0x00004fb8                xTracePrint

.text.xTraceVPrintF
                0x00004ff4       0x4c
 .text.xTraceVPrintF
                0x00004ff4       0x4c ./output/trcPrint.o
                0x00004ff4                xTraceVPrintF

.text.xTracePrintF
                0x00005040       0x2c
 .text.xTracePrintF
                0x00005040       0x2c ./output/trcPrint.o
                0x00005040                xTracePrintF

.text.xTraceStaticBufferInitialize
                0x0000506c       0x30
 .text.xTraceStaticBufferInitialize
                0x0000506c       0x30 ./output/trcStaticBuffer.o
                0x0000506c                xTraceStaticBufferInitialize

.text.xTraceInitialize
                0x0000509c      0x100
 .text.xTraceInitialize
                0x0000509c      0x100 ./output/trcStreamingRecorder.o
                0x0000509c                xTraceInitialize

.text.xTraceHeaderInitialize
                0x0000519c       0x4c
 .text.xTraceHeaderInitialize
                0x0000519c       0x4c ./output/trcStreamingRecorder.o
                0x0000519c                xTraceHeaderInitialize

.text.xTraceEnable
                0x000051e8       0xac
 .text.xTraceEnable
                0x000051e8       0xac ./output/trcStreamingRecorder.o
                0x000051e8                xTraceEnable

.text.xTraceDisable
                0x00005294       0x24
 .text.xTraceDisable
                0x00005294       0x24 ./output/trcStreamingRecorder.o
                0x00005294                xTraceDisable

.text.xTraceTzCtrl
                0x000052b8       0x24
 .text.xTraceTzCtrl
                0x000052b8       0x24 ./output/trcStreamingRecorder.o
                0x000052b8                xTraceTzCtrl

.text.xTraceStringRegister
                0x000052dc       0x58
 .text.xTraceStringRegister
                0x000052dc       0x58 ./output/trcString.o
                0x000052dc                xTraceStringRegister

.text.xTraceTaskInitialize
                0x00005334       0x34
 .text.xTraceTaskInitialize
                0x00005334       0x34 ./output/trcTask.o
                0x00005334                xTraceTaskInitialize

.text.xTraceTaskSwitch
                0x00005368       0x54
 .text.xTraceTaskSwitch
                0x00005368       0x54 ./output/trcTask.o
                0x00005368                xTraceTaskSwitch

.text.xTraceTimestampInitialize
                0x000053bc       0x48
 .text.xTraceTimestampInitialize
                0x000053bc       0x48 ./output/trcTimestamp.o
                0x000053bc                xTraceTimestampInitialize

.text.xTraceTimestampGet
                0x00005404       0x80
 .text.xTraceTimestampGet
                0x00005404       0x80 ./output/trcTimestamp.o
                0x00005404                xTraceTimestampGet

.text.xTraceTimestampGetWraparounds
                0x00005484       0x34
 .text.xTraceTimestampGetWraparounds
                0x00005484       0x34 ./output/trcTimestamp.o
                0x00005484                xTraceTimestampGetWraparounds

.text.xTraceTimestampSetFrequency
                0x000054b8       0x2c
 .text.xTraceTimestampSetFrequency
                0x000054b8       0x2c ./output/trcTimestamp.o
                0x000054b8                xTraceTimestampSetFrequency

.text.xTraceTimestampSetPeriod
                0x000054e4       0x2c
 .text.xTraceTimestampSetPeriod
                0x000054e4       0x2c ./output/trcTimestamp.o
                0x000054e4                xTraceTimestampSetPeriod

.text.xTraceTimestampSetOsTickCount
                0x00005510       0x2c
 .text.xTraceTimestampSetOsTickCount
                0x00005510       0x2c ./output/trcTimestamp.o
                0x00005510                xTraceTimestampSetOsTickCount

.text.xTraceTimestampGetFrequency
                0x0000553c       0x34
 .text.xTraceTimestampGetFrequency
                0x0000553c       0x34 ./output/trcTimestamp.o
                0x0000553c                xTraceTimestampGetFrequency

.text.xTraceTimestampGetPeriod
                0x00005570       0x34
 .text.xTraceTimestampGetPeriod
                0x00005570       0x34 ./output/trcTimestamp.o
                0x00005570                xTraceTimestampGetPeriod

.text.__sflush_r
                0x000055a4      0x104
 .text.__sflush_r
                0x000055a4      0x104 c:/program files (x86)/gnu arm embedded toolchain/10 2021.10/bin/../lib/gcc/arm-none-eabi/10.3.1/../../../../arm-none-eabi/lib/thumb/v7-m/nofp\libg_nano.a(lib_a-fflush.o)
                0x000055a4                __sflush_r

.text._fflush_r
                0x000056a8       0x78
 .text._fflush_r
                0x000056a8       0x78 c:/program files (x86)/gnu arm embedded toolchain/10 2021.10/bin/../lib/gcc/arm-none-eabi/10.3.1/../../../../arm-none-eabi/lib/thumb/v7-m/nofp\libg_nano.a(lib_a-fflush.o)
                0x000056a8                _fflush_r

.text.fflush    0x00005720       0x24
 .text.fflush   0x00005720       0x24 c:/program files (x86)/gnu arm embedded toolchain/10 2021.10/bin/../lib/gcc/arm-none-eabi/10.3.1/../../../../arm-none-eabi/lib/thumb/v7-m/nofp\libg_nano.a(lib_a-fflush.o)
                0x00005720                fflush

.text.std       0x00005744       0x48
 .text.std      0x00005744       0x48 c:/program files (x86)/gnu arm embedded toolchain/10 2021.10/bin/../lib/gcc/arm-none-eabi/10.3.1/../../../../arm-none-eabi/lib/thumb/v7-m/nofp\libg_nano.a(lib_a-findfp.o)

.text._cleanup_r
                0x0000578c        0xc
 .text._cleanup_r
                0x0000578c        0xc c:/program files (x86)/gnu arm embedded toolchain/10 2021.10/bin/../lib/gcc/arm-none-eabi/10.3.1/../../../../arm-none-eabi/lib/thumb/v7-m/nofp\libg_nano.a(lib_a-findfp.o)
                0x0000578c                _cleanup_r

.text.__sfmoreglue
                0x00005798       0x2c
 .text.__sfmoreglue
                0x00005798       0x2c c:/program files (x86)/gnu arm embedded toolchain/10 2021.10/bin/../lib/gcc/arm-none-eabi/10.3.1/../../../../arm-none-eabi/lib/thumb/v7-m/nofp\libg_nano.a(lib_a-findfp.o)
                0x00005798                __sfmoreglue

.text.__sfp_lock_acquire
                0x000057c4        0xc
 .text.__sfp_lock_acquire
                0x000057c4        0xc c:/program files (x86)/gnu arm embedded toolchain/10 2021.10/bin/../lib/gcc/arm-none-eabi/10.3.1/../../../../arm-none-eabi/lib/thumb/v7-m/nofp\libg_nano.a(lib_a-findfp.o)
                0x000057c4                __sfp_lock_acquire

.text.__sfp_lock_release
                0x000057d0        0xc
 .text.__sfp_lock_release
                0x000057d0        0xc c:/program files (x86)/gnu arm embedded toolchain/10 2021.10/bin/../lib/gcc/arm-none-eabi/10.3.1/../../../../arm-none-eabi/lib/thumb/v7-m/nofp\libg_nano.a(lib_a-findfp.o)
                0x000057d0                __sfp_lock_release

.text.__sinit_lock_acquire
                0x000057dc        0xc
 .text.__sinit_lock_acquire
                0x000057dc        0xc c:/program files (x86)/gnu arm embedded toolchain/10 2021.10/bin/../lib/gcc/arm-none-eabi/10.3.1/../../../../arm-none-eabi/lib/thumb/v7-m/nofp\libg_nano.a(lib_a-findfp.o)
                0x000057dc                __sinit_lock_acquire

.text.__sinit_lock_release
                0x000057e8        0xc
 .text.__sinit_lock_release
                0x000057e8        0xc c:/program files (x86)/gnu arm embedded toolchain/10 2021.10/bin/../lib/gcc/arm-none-eabi/10.3.1/../../../../arm-none-eabi/lib/thumb/v7-m/nofp\libg_nano.a(lib_a-findfp.o)
                0x000057e8                __sinit_lock_release

.text.__sinit   0x000057f4       0x70
 .text.__sinit  0x000057f4       0x70 c:/program files (x86)/gnu arm embedded toolchain/10 2021.10/bin/../lib/gcc/arm-none-eabi/10.3.1/../../../../arm-none-eabi/lib/thumb/v7-m/nofp\libg_nano.a(lib_a-findfp.o)
                0x000057f4                __sinit

.text.__sfp     0x00005864       0x8c
 .text.__sfp    0x00005864       0x8c c:/program files (x86)/gnu arm embedded toolchain/10 2021.10/bin/../lib/gcc/arm-none-eabi/10.3.1/../../../../arm-none-eabi/lib/thumb/v7-m/nofp\libg_nano.a(lib_a-findfp.o)
                0x00005864                __sfp

.text._fwalk_reent
                0x000058f0       0x3e
 .text._fwalk_reent
                0x000058f0       0x3e c:/program files (x86)/gnu arm embedded toolchain/10 2021.10/bin/../lib/gcc/arm-none-eabi/10.3.1/../../../../arm-none-eabi/lib/thumb/v7-m/nofp\libg_nano.a(lib_a-fwalk.o)
                0x000058f0                _fwalk_reent

.text.__retarget_lock_init_recursive
                0x0000592e        0x2
 .text.__retarget_lock_init_recursive
                0x0000592e        0x2 c:/program files (x86)/gnu arm embedded toolchain/10 2021.10/bin/../lib/gcc/arm-none-eabi/10.3.1/../../../../arm-none-eabi/lib/thumb/v7-m/nofp\libg_nano.a(lib_a-lock.o)
                0x0000592e                __retarget_lock_init_recursive

.text.__retarget_lock_acquire_recursive
                0x00005930        0x2
 .text.__retarget_lock_acquire_recursive
                0x00005930        0x2 c:/program files (x86)/gnu arm embedded toolchain/10 2021.10/bin/../lib/gcc/arm-none-eabi/10.3.1/../../../../arm-none-eabi/lib/thumb/v7-m/nofp\libg_nano.a(lib_a-lock.o)
                0x00005930                __retarget_lock_acquire_recursive

.text.__retarget_lock_release_recursive
                0x00005932        0x2
 .text.__retarget_lock_release_recursive
                0x00005932        0x2 c:/program files (x86)/gnu arm embedded toolchain/10 2021.10/bin/../lib/gcc/arm-none-eabi/10.3.1/../../../../arm-none-eabi/lib/thumb/v7-m/nofp\libg_nano.a(lib_a-lock.o)
                0x00005932                __retarget_lock_release_recursive

.text.memcpy    0x00005934       0x1c
 .text.memcpy   0x00005934       0x1c c:/program files (x86)/gnu arm embedded toolchain/10 2021.10/bin/../lib/gcc/arm-none-eabi/10.3.1/../../../../arm-none-eabi/lib/thumb/v7-m/nofp\libg_nano.a(lib_a-memcpy-stub.o)
                0x00005934                memcpy

.text.memset    0x00005950       0x10
 .text.memset   0x00005950       0x10 c:/program files (x86)/gnu arm embedded toolchain/10 2021.10/bin/../lib/gcc/arm-none-eabi/10.3.1/../../../../arm-none-eabi/lib/thumb/v7-m/nofp\libg_nano.a(lib_a-memset.o)
                0x00005950                memset

.text._free_r   0x00005960       0x90
 .text._free_r  0x00005960       0x90 c:/program files (x86)/gnu arm embedded toolchain/10 2021.10/bin/../lib/gcc/arm-none-eabi/10.3.1/../../../../arm-none-eabi/lib/thumb/v7-m/nofp\libg_nano.a(lib_a-nano-freer.o)
                0x00005960                _free_r

.text.sbrk_aligned
                0x000059f0       0x40
 .text.sbrk_aligned
                0x000059f0       0x40 c:/program files (x86)/gnu arm embedded toolchain/10 2021.10/bin/../lib/gcc/arm-none-eabi/10.3.1/../../../../arm-none-eabi/lib/thumb/v7-m/nofp\libg_nano.a(lib_a-nano-mallocr.o)

.text._malloc_r
                0x00005a30       0xe8
 .text._malloc_r
                0x00005a30       0xe8 c:/program files (x86)/gnu arm embedded toolchain/10 2021.10/bin/../lib/gcc/arm-none-eabi/10.3.1/../../../../arm-none-eabi/lib/thumb/v7-m/nofp\libg_nano.a(lib_a-nano-mallocr.o)
                0x00005a30                _malloc_r

.text._sbrk_r   0x00005b18       0x20
 .text._sbrk_r  0x00005b18       0x20 c:/program files (x86)/gnu arm embedded toolchain/10 2021.10/bin/../lib/gcc/arm-none-eabi/10.3.1/../../../../arm-none-eabi/lib/thumb/v7-m/nofp\libg_nano.a(lib_a-sbrkr.o)
                0x00005b18                _sbrk_r

.text.__sread   0x00005b38       0x22
 .text.__sread  0x00005b38       0x22 c:/program files (x86)/gnu arm embedded toolchain/10 2021.10/bin/../lib/gcc/arm-none-eabi/10.3.1/../../../../arm-none-eabi/lib/thumb/v7-m/nofp\libg_nano.a(lib_a-stdio.o)
                0x00005b38                __sread

.text.__swrite  0x00005b5a       0x38
 .text.__swrite
                0x00005b5a       0x38 c:/program files (x86)/gnu arm embedded toolchain/10 2021.10/bin/../lib/gcc/arm-none-eabi/10.3.1/../../../../arm-none-eabi/lib/thumb/v7-m/nofp\libg_nano.a(lib_a-stdio.o)
                0x00005b5a                __swrite

.text.__sseek   0x00005b92       0x24
 .text.__sseek  0x00005b92       0x24 c:/program files (x86)/gnu arm embedded toolchain/10 2021.10/bin/../lib/gcc/arm-none-eabi/10.3.1/../../../../arm-none-eabi/lib/thumb/v7-m/nofp\libg_nano.a(lib_a-stdio.o)
                0x00005b92                __sseek

.text.__sclose  0x00005bb6        0x8
 .text.__sclose
                0x00005bb6        0x8 c:/program files (x86)/gnu arm embedded toolchain/10 2021.10/bin/../lib/gcc/arm-none-eabi/10.3.1/../../../../arm-none-eabi/lib/thumb/v7-m/nofp\libg_nano.a(lib_a-stdio.o)
                0x00005bb6                __sclose

.text._write_r  0x00005bc0       0x24
 .text._write_r
                0x00005bc0       0x24 c:/program files (x86)/gnu arm embedded toolchain/10 2021.10/bin/../lib/gcc/arm-none-eabi/10.3.1/../../../../arm-none-eabi/lib/thumb/v7-m/nofp\libg_nano.a(lib_a-writer.o)
                0x00005bc0                _write_r

.text._close_r  0x00005be4       0x20
 .text._close_r
                0x00005be4       0x20 c:/program files (x86)/gnu arm embedded toolchain/10 2021.10/bin/../lib/gcc/arm-none-eabi/10.3.1/../../../../arm-none-eabi/lib/thumb/v7-m/nofp\libg_nano.a(lib_a-closer.o)
                0x00005be4                _close_r

.text._lseek_r  0x00005c04       0x24
 .text._lseek_r
                0x00005c04       0x24 c:/program files (x86)/gnu arm embedded toolchain/10 2021.10/bin/../lib/gcc/arm-none-eabi/10.3.1/../../../../arm-none-eabi/lib/thumb/v7-m/nofp\libg_nano.a(lib_a-lseekr.o)
                0x00005c04                _lseek_r

.text.__malloc_lock
                0x00005c28        0xc
 .text.__malloc_lock
                0x00005c28        0xc c:/program files (x86)/gnu arm embedded toolchain/10 2021.10/bin/../lib/gcc/arm-none-eabi/10.3.1/../../../../arm-none-eabi/lib/thumb/v7-m/nofp\libg_nano.a(lib_a-mlock.o)
                0x00005c28                __malloc_lock

.text.__malloc_unlock
                0x00005c34        0xc
 .text.__malloc_unlock
                0x00005c34        0xc c:/program files (x86)/gnu arm embedded toolchain/10 2021.10/bin/../lib/gcc/arm-none-eabi/10.3.1/../../../../arm-none-eabi/lib/thumb/v7-m/nofp\libg_nano.a(lib_a-mlock.o)
                0x00005c34                __malloc_unlock

.text._read_r   0x00005c40       0x24
 .text._read_r  0x00005c40       0x24 c:/program files (x86)/gnu arm embedded toolchain/10 2021.10/bin/../lib/gcc/arm-none-eabi/10.3.1/../../../../arm-none-eabi/lib/thumb/v7-m/nofp\libg_nano.a(lib_a-readr.o)
                0x00005c40                _read_r

.text._close    0x00005c64       0x10
 .text._close   0x00005c64       0x10 c:/program files (x86)/gnu arm embedded toolchain/10 2021.10/bin/../lib/gcc/arm-none-eabi/10.3.1/../../../../arm-none-eabi/lib/thumb/v7-m/nofp\libnosys.a(close.o)
                0x00005c64                _close

.text._lseek    0x00005c74       0x10
 .text._lseek   0x00005c74       0x10 c:/program files (x86)/gnu arm embedded toolchain/10 2021.10/bin/../lib/gcc/arm-none-eabi/10.3.1/../../../../arm-none-eabi/lib/thumb/v7-m/nofp\libnosys.a(lseek.o)
                0x00005c74                _lseek

.text._read     0x00005c84       0x10
 .text._read    0x00005c84       0x10 c:/program files (x86)/gnu arm embedded toolchain/10 2021.10/bin/../lib/gcc/arm-none-eabi/10.3.1/../../../../arm-none-eabi/lib/thumb/v7-m/nofp\libnosys.a(read.o)
                0x00005c84                _read

.text._sbrk     0x00005c94       0x1c
 .text._sbrk    0x00005c94       0x1c c:/program files (x86)/gnu arm embedded toolchain/10 2021.10/bin/../lib/gcc/arm-none-eabi/10.3.1/../../../../arm-none-eabi/lib/thumb/v7-m/nofp\libnosys.a(sbrk.o)
                0x00005c94                _sbrk

.text._write    0x00005cb0       0x10
 .text._write   0x00005cb0       0x10 c:/program files (x86)/gnu arm embedded toolchain/10 2021.10/bin/../lib/gcc/arm-none-eabi/10.3.1/../../../../arm-none-eabi/lib/thumb/v7-m/nofp\libnosys.a(write.o)
                0x00005cb0                _write

.rel.dyn        0x00005cc0        0x0
 .rel.iplt      0x00005cc0        0x0 ./output/tasks.o

.data           0x20000000        0x0
                0x20000000                . = ALIGN (0x8)
                0x20000000                _data = .
                0x20000000                _sdata = .
 *(vtable)
 *(.data)
                0x20000000                _edata = .

.data.uxTopUsedPriority
                0x20000000        0x4
 .data.uxTopUsedPriority
                0x20000000        0x4 ./output/tasks.o

.igot.plt       0x20000004        0x0
 .igot.plt      0x20000004        0x0 ./output/tasks.o

.data.uxCriticalNesting
                0x20000004        0x4
 .data.uxCriticalNesting
                0x20000004        0x4 ./output/port.o

.data.xErrorStatus
                0x20000008        0x4
 .data.xErrorStatus
                0x20000008        0x4 ./output/IntQueue.o

.data._impure_ptr
                0x2000000c        0x4
 .data._impure_ptr
                0x2000000c        0x4 c:/program files (x86)/gnu arm embedded toolchain/10 2021.10/bin/../lib/gcc/arm-none-eabi/10.3.1/../../../../arm-none-eabi/lib/thumb/v7-m/nofp\libg_nano.a(lib_a-impure.o)
                0x2000000c                _impure_ptr

.data.impure_data
                0x20000010       0x60
 .data.impure_data
                0x20000010       0x60 c:/program files (x86)/gnu arm embedded toolchain/10 2021.10/bin/../lib/gcc/arm-none-eabi/10.3.1/../../../../arm-none-eabi/lib/thumb/v7-m/nofp\libg_nano.a(lib_a-impure.o)

.bss            0x20000070        0x0
                0x20000070                . = ALIGN (0x8)
                0x20000070                _bss = .
                0x20000070                _sbss = .
 *(.bss)
                0x20000070                _ebss = .

.bss.pxCurrentTCB
                0x20000070        0x4
 .bss.pxCurrentTCB
                0x20000070        0x4 ./output/tasks.o
                0x20000070                pxCurrentTCB

.bss.pxDelayedTaskList
                0x20000074        0x4
 .bss.pxDelayedTaskList
                0x20000074        0x4 ./output/tasks.o

.bss.pxOverflowDelayedTaskList
                0x20000078        0x4
 .bss.pxOverflowDelayedTaskList
                0x20000078        0x4 ./output/tasks.o

.bss.pxReadyTasksLists
                0x2000007c       0xb4
 .bss.pxReadyTasksLists
                0x2000007c       0xb4 ./output/tasks.o

.bss.uxCurrentNumberOfTasks
                0x20000130        0x4
 .bss.uxCurrentNumberOfTasks
                0x20000130        0x4 ./output/tasks.o

.bss.uxDeletedTasksWaitingCleanUp
                0x20000134        0x4
 .bss.uxDeletedTasksWaitingCleanUp
                0x20000134        0x4 ./output/tasks.o

.bss.uxSchedulerSuspended
                0x20000138        0x4
 .bss.uxSchedulerSuspended
                0x20000138        0x4 ./output/tasks.o

.bss.uxTaskNumber
                0x2000013c        0x4
 .bss.uxTaskNumber
                0x2000013c        0x4 ./output/tasks.o

.bss.uxTopReadyPriority
                0x20000140        0x4
 .bss.uxTopReadyPriority
                0x20000140        0x4 ./output/tasks.o

.bss.xDelayedTaskList1
                0x20000144       0x14
 .bss.xDelayedTaskList1
                0x20000144       0x14 ./output/tasks.o

.bss.xDelayedTaskList2
                0x20000158       0x14
 .bss.xDelayedTaskList2
                0x20000158       0x14 ./output/tasks.o

.bss.xIdleTaskHandles
                0x2000016c        0x4
 .bss.xIdleTaskHandles
                0x2000016c        0x4 ./output/tasks.o

.bss.xNextTaskUnblockTime
                0x20000170        0x4
 .bss.xNextTaskUnblockTime
                0x20000170        0x4 ./output/tasks.o

.bss.xNumOfOverflows
                0x20000174        0x4
 .bss.xNumOfOverflows
                0x20000174        0x4 ./output/tasks.o

.bss.xPendedTicks
                0x20000178        0x4
 .bss.xPendedTicks
                0x20000178        0x4 ./output/tasks.o

.bss.xPendingReadyList
                0x2000017c       0x14
 .bss.xPendingReadyList
                0x2000017c       0x14 ./output/tasks.o

.bss.xSchedulerRunning
                0x20000190        0x4
 .bss.xSchedulerRunning
                0x20000190        0x4 ./output/tasks.o

.bss.xSuspendedTaskList
                0x20000194       0x14
 .bss.xSuspendedTaskList
                0x20000194       0x14 ./output/tasks.o

.bss.xTasksWaitingTermination
                0x200001a8       0x14
 .bss.xTasksWaitingTermination
                0x200001a8       0x14 ./output/tasks.o

.bss.xTickCount
                0x200001bc        0x4
 .bss.xTickCount
                0x200001bc        0x4 ./output/tasks.o

.bss.xYieldPendings
                0x200001c0        0x4
 .bss.xYieldPendings
                0x200001c0        0x4 ./output/tasks.o

.bss.xQueueRegistry
                0x200001c4       0x50
 .bss.xQueueRegistry
                0x200001c4       0x50 ./output/queue.o
                0x200001c4                xQueueRegistry

.bss.pxCurrentTimerList
                0x20000214        0x4
 .bss.pxCurrentTimerList
                0x20000214        0x4 ./output/timers.o

.bss.pxOverflowTimerList
                0x20000218        0x4
 .bss.pxOverflowTimerList
                0x20000218        0x4 ./output/timers.o

.bss.ucStaticTimerQueueStorage.1
                0x2000021c      0x140
 .bss.ucStaticTimerQueueStorage.1
                0x2000021c      0x140 ./output/timers.o

.bss.xActiveTimerList1
                0x2000035c       0x14
 .bss.xActiveTimerList1
                0x2000035c       0x14 ./output/timers.o

.bss.xActiveTimerList2
                0x20000370       0x14
 .bss.xActiveTimerList2
                0x20000370       0x14 ./output/timers.o

.bss.xLastTime.2
                0x20000384        0x4
 .bss.xLastTime.2
                0x20000384        0x4 ./output/timers.o

.bss.xStaticTimerQueue.0
                0x20000388       0x54
 .bss.xStaticTimerQueue.0
                0x20000388       0x54 ./output/timers.o

.bss.xTimerQueue
                0x200003dc        0x4
 .bss.xTimerQueue
                0x200003dc        0x4 ./output/timers.o

.bss.xTimerTaskHandle
                0x200003e0        0x4
 .bss.xTimerTaskHandle
                0x200003e0        0x4 ./output/timers.o

.bss.pxEnd      0x200003e4        0x4
 .bss.pxEnd     0x200003e4        0x4 ./output/heap_4.o

.bss.ucHeap     0x200003e8    0x19000
 .bss.ucHeap    0x200003e8    0x19000 ./output/heap_4.o

.bss.xFreeBytesRemaining
                0x200193e8        0x4
 .bss.xFreeBytesRemaining
                0x200193e8        0x4 ./output/heap_4.o

.bss.xMinimumEverFreeBytesRemaining
                0x200193ec        0x4
 .bss.xMinimumEverFreeBytesRemaining
                0x200193ec        0x4 ./output/heap_4.o

.bss.xNumberOfSuccessfulAllocations
                0x200193f0        0x4
 .bss.xNumberOfSuccessfulAllocations
                0x200193f0        0x4 ./output/heap_4.o

.bss.xNumberOfSuccessfulFrees
                0x200193f4        0x4
 .bss.xNumberOfSuccessfulFrees
                0x200193f4        0x4 ./output/heap_4.o

.bss.xStart     0x200193f8        0x8
 .bss.xStart    0x200193f8        0x8 ./output/heap_4.o

.bss.ucMaxSysCallPriority
                0x20019400        0x1
 .bss.ucMaxSysCallPriority
                0x20019400        0x1 ./output/port.o

.bss.ulMaxPRIGROUPValue
                0x20019404        0x4
 .bss.ulMaxPRIGROUPValue
                0x20019404        0x4 ./output/port.o

.bss.ucNormallyEmptyReceivedValues
                0x20019408       0xc8
 .bss.ucNormallyEmptyReceivedValues
                0x20019408       0xc8 ./output/IntQueue.o

.bss.ucNormallyFullReceivedValues
                0x200194d0       0xc8
 .bss.ucNormallyFullReceivedValues
                0x200194d0       0xc8 ./output/IntQueue.o

.bss.uxNextOperation.4
                0x20019598        0x4
 .bss.uxNextOperation.4
                0x20019598        0x4 ./output/IntQueue.o

.bss.uxNextOperation.5
                0x2001959c        0x4
 .bss.uxNextOperation.5
                0x2001959c        0x4 ./output/IntQueue.o

.bss.uxValueForNormallyEmptyQueue
                0x200195a0        0x4
 .bss.uxValueForNormallyEmptyQueue
                0x200195a0        0x4 ./output/IntQueue.o

.bss.uxValueForNormallyFullQueue
                0x200195a4        0x4
 .bss.uxValueForNormallyFullQueue
                0x200195a4        0x4 ./output/IntQueue.o

.bss.xErrorLine
                0x200195a8        0x4
 .bss.xErrorLine
                0x200195a8        0x4 ./output/IntQueue.o

.bss.xNormallyEmptyQueue
                0x200195ac        0x4
 .bss.xNormallyEmptyQueue
                0x200195ac        0x4 ./output/IntQueue.o

.bss.xNormallyFullQueue
                0x200195b0        0x4
 .bss.xNormallyFullQueue
                0x200195b0        0x4 ./output/IntQueue.o

.bss.ulNest     0x200195b4        0x4
 .bss.ulNest    0x200195b4        0x4 ./output/IntQueueTimer.o
                0x200195b4                ulNest

.bss.ulNestCount
                0x200195b8        0x4
 .bss.ulNestCount
                0x200195b8        0x4 ./output/IntQueueTimer.o
                0x200195b8                ulNestCount

.bss.uxIdleTaskStack.2
                0x200195bc      0x200
 .bss.uxIdleTaskStack.2
                0x200195bc      0x200 ./output/main.o

.bss.uxTimerTaskStack.0
                0x200197bc      0x400
 .bss.uxTimerTaskStack.0
                0x200197bc      0x400 ./output/main.o

.bss.xIdleTaskTCB.3
                0x20019bbc       0x64
 .bss.xIdleTaskTCB.3
                0x20019bbc       0x64 ./output/main.o

.bss.xTimerTaskTCB.1
                0x20019c20       0x64
 .bss.xTimerTaskTCB.1
                0x20019c20       0x64 ./output/main.o

.bss.xQueue     0x20019c84        0x4
 .bss.xQueue    0x20019c84        0x4 ./output/temp_logger.o

.bss.lr         0x20019c88        0x4
 .bss.lr        0x20019c88        0x4 ./output/startup_gcc.o
                0x20019c88                lr

.bss.pc         0x20019c8c        0x4
 .bss.pc        0x20019c8c        0x4 ./output/startup_gcc.o
                0x20019c8c                pc

.bss.psr        0x20019c90        0x4
 .bss.psr       0x20019c90        0x4 ./output/startup_gcc.o
                0x20019c90                psr

.bss.r0         0x20019c94        0x4
 .bss.r0        0x20019c94        0x4 ./output/startup_gcc.o
                0x20019c94                r0

.bss.r1         0x20019c98        0x4
 .bss.r1        0x20019c98        0x4 ./output/startup_gcc.o
                0x20019c98                r1

.bss.r12        0x20019c9c        0x4
 .bss.r12       0x20019c9c        0x4 ./output/startup_gcc.o
                0x20019c9c                r12

.bss.r2         0x20019ca0        0x4
 .bss.r2        0x20019ca0        0x4 ./output/startup_gcc.o
                0x20019ca0                r2

.bss.r3         0x20019ca4        0x4
 .bss.r3        0x20019ca4        0x4 ./output/startup_gcc.o
                0x20019ca4                r3

.bss.pxKernelPortData
                0x20019ca8        0x4
 .bss.pxKernelPortData
                0x20019ca8        0x4 ./output/trcKernelPort.o

.bss.stackTzCtrl
                0x20019cac      0x400
 .bss.stackTzCtrl
                0x20019cac      0x400 ./output/trcKernelPort.o

.bss.tcbTzCtrl  0x2001a0ac       0x64
 .bss.tcbTzCtrl
                0x2001a0ac       0x64 ./output/trcKernelPort.o

.bss.RecorderDataPtr
                0x2001a110        0x4
 .bss.RecorderDataPtr
                0x2001a110        0x4 ./output/trcStreamPort.o
                0x2001a110                RecorderDataPtr

.bss.pxStreamPortData
                0x2001a114        0x4
 .bss.pxStreamPortData
                0x2001a114        0x4 ./output/trcStreamPort.o
                0x2001a114                pxStreamPortData

.bss.pxAssertData
                0x2001a118        0x4
 .bss.pxAssertData
                0x2001a118        0x4 ./output/trcAssert.o

.bss.uxRecursionGuard.0
                0x2001a11c        0x4
 .bss.uxRecursionGuard.0
                0x2001a11c        0x4 ./output/trcAssert.o

.bss.pxCounterData
                0x2001a120        0x4
 .bss.pxCounterData
                0x2001a120        0x4 ./output/trcCounter.o

.bss.pxDiagnostics
                0x2001a124        0x4
 .bss.pxDiagnostics
                0x2001a124        0x4 ./output/trcDiagnostics.o

.bss.pxEntryTable
                0x2001a128        0x4
 .bss.pxEntryTable
                0x2001a128        0x4 ./output/trcEntryTable.o

.bss.pxIndexTable
                0x2001a12c        0x4
 .bss.pxIndexTable
                0x2001a12c        0x4 ./output/trcEntryTable.o

.bss.pxErrorInfo
                0x2001a130        0x4
 .bss.pxErrorInfo
                0x2001a130        0x4 ./output/trcError.o

.bss.pxTraceEventDataTable
                0x2001a134        0x4
 .bss.pxTraceEventDataTable
                0x2001a134        0x4 ./output/trcEvent.o
                0x2001a134                pxTraceEventDataTable

.bss.pxExtensionData
                0x2001a138        0x4
 .bss.pxExtensionData
                0x2001a138        0x4 ./output/trcExtension.o

.bss.pxTraceISRData
                0x2001a13c        0x4
 .bss.pxTraceISRData
                0x2001a13c        0x4 ./output/trcISR.o
                0x2001a13c                pxTraceISRData

.bss.pxPrintData
                0x2001a140        0x4
 .bss.pxPrintData
                0x2001a140        0x4 ./output/trcPrint.o

.bss.pxTraceStaticBufferTable
                0x2001a144        0x4
 .bss.pxTraceStaticBufferTable
                0x2001a144        0x4 ./output/trcStaticBuffer.o
                0x2001a144                pxTraceStaticBufferTable

.bss.RecorderInitialized
                0x2001a148        0x4
 .bss.RecorderInitialized
                0x2001a148        0x4 ./output/trcStreamingRecorder.o
                0x2001a148                RecorderInitialized

.bss.pxTraceRecorderData
                0x2001a14c        0x4
 .bss.pxTraceRecorderData
                0x2001a14c        0x4 ./output/trcStreamingRecorder.o
                0x2001a14c                pxTraceRecorderData

.bss.xRecorderData
                0x2001a150     0x35f4
 .bss.xRecorderData
                0x2001a150     0x35f4 ./output/trcStreamingRecorder.o

.bss.pxTraceTaskData
                0x2001d744        0x4
 .bss.pxTraceTaskData
                0x2001d744        0x4 ./output/trcTask.o
                0x2001d744                pxTraceTaskData

.bss.pxTraceTimestamp
                0x2001d748        0x4
 .bss.pxTraceTimestamp
                0x2001d748        0x4 ./output/trcTimestamp.o
                0x2001d748                pxTraceTimestamp

.bss.__lock___malloc_recursive_mutex
                0x2001d74c        0x1
 .bss.__lock___malloc_recursive_mutex
                0x2001d74c        0x1 c:/program files (x86)/gnu arm embedded toolchain/10 2021.10/bin/../lib/gcc/arm-none-eabi/10.3.1/../../../../arm-none-eabi/lib/thumb/v7-m/nofp\libg_nano.a(lib_a-lock.o)
                0x2001d74c                __lock___malloc_recursive_mutex

.bss.__lock___sfp_recursive_mutex
                0x2001d74d        0x1
 .bss.__lock___sfp_recursive_mutex
                0x2001d74d        0x1 c:/program files (x86)/gnu arm embedded toolchain/10 2021.10/bin/../lib/gcc/arm-none-eabi/10.3.1/../../../../arm-none-eabi/lib/thumb/v7-m/nofp\libg_nano.a(lib_a-lock.o)
                0x2001d74d                __lock___sfp_recursive_mutex

.bss.__lock___sinit_recursive_mutex
                0x2001d74e        0x1
 .bss.__lock___sinit_recursive_mutex
                0x2001d74e        0x1 c:/program files (x86)/gnu arm embedded toolchain/10 2021.10/bin/../lib/gcc/arm-none-eabi/10.3.1/../../../../arm-none-eabi/lib/thumb/v7-m/nofp\libg_nano.a(lib_a-lock.o)
                0x2001d74e                __lock___sinit_recursive_mutex

.bss.__malloc_free_list
                0x2001d750        0x4
 .bss.__malloc_free_list
                0x2001d750        0x4 c:/program files (x86)/gnu arm embedded toolchain/10 2021.10/bin/../lib/gcc/arm-none-eabi/10.3.1/../../../../arm-none-eabi/lib/thumb/v7-m/nofp\libg_nano.a(lib_a-nano-mallocr.o)
                0x2001d750                __malloc_free_list

.bss.__malloc_sbrk_start
                0x2001d754        0x4
 .bss.__malloc_sbrk_start
                0x2001d754        0x4 c:/program files (x86)/gnu arm embedded toolchain/10 2021.10/bin/../lib/gcc/arm-none-eabi/10.3.1/../../../../arm-none-eabi/lib/thumb/v7-m/nofp\libg_nano.a(lib_a-nano-mallocr.o)
                0x2001d754                __malloc_sbrk_start

.bss.errno      0x2001d758        0x4
 .bss.errno     0x2001d758        0x4 c:/program files (x86)/gnu arm embedded toolchain/10 2021.10/bin/../lib/gcc/arm-none-eabi/10.3.1/../../../../arm-none-eabi/lib/thumb/v7-m/nofp\libg_nano.a(lib_a-reent.o)
                0x2001d758                errno

.bss.heap_end.0
                0x2001d75c        0x4
 .bss.heap_end.0
                0x2001d75c        0x4 c:/program files (x86)/gnu arm embedded toolchain/10 2021.10/bin/../lib/gcc/arm-none-eabi/10.3.1/../../../../arm-none-eabi/lib/thumb/v7-m/nofp\libnosys.a(sbrk.o)

.heap           0x2001d760      0x408
                0x2001d760                . = ALIGN (0x8)
                0x2001d760                PROVIDE (end = .)
                [!provide]                PROVIDE (_end = .)
                0x2001d760                _heap_bottom = .
                0x2001d768                . = (. + _Min_Heap_Size)
 *fill*         0x2001d760        0x8 
                0x2001d768                _heap_top = .
                0x2001db68                . = (. + _Min_Stack_Size)
 *fill*         0x2001d768      0x400 
                0x2001db68                . = ALIGN (0x8)
                0x20400000                __StackTop = (ORIGIN (RAM) + LENGTH (RAM))
                0x203ffc00                __StackLimit = (__StackTop - _Min_Stack_Size)
                [!provide]                PROVIDE (__stack = __StackTop)
                0x00000001                ASSERT ((__StackLimit >= _heap_top), region RAM overflowed with stack)
OUTPUT(./output/RTOSDemo.out elf32-littlearm)
LOAD linker stubs

.debug_info     0x00000000    0x18d16
 .debug_info    0x00000000     0x490c ./output/tasks.o
 .debug_info    0x0000490c      0x2d3 ./output/list.o
 .debug_info    0x00004bdf     0x3296 ./output/queue.o
 .debug_info    0x00007e75     0x1e00 ./output/timers.o
 .debug_info    0x00009c75      0xd3b ./output/heap_4.o
 .debug_info    0x0000a9b0      0x5aa ./output/port.o
 .debug_info    0x0000af5a     0x15c9 ./output/IntQueue.o
 .debug_info    0x0000c523      0x6e4 ./output/IntQueueTimer.o
 .debug_info    0x0000cc07      0x690 ./output/main.o
 .debug_info    0x0000d297      0x4e6 ./output/temp_logger.o
 .debug_info    0x0000d77d      0xa94 ./output/startup_gcc.o
 .debug_info    0x0000e211      0x678 ./output/printf-stdarg.o
 .debug_info    0x0000e889      0x5b3 ./output/trcKernelPort.o
 .debug_info    0x0000ee3c      0x5bd ./output/trcStreamPort.o
 .debug_info    0x0000f3f9      0x364 ./output/trcAssert.o
 .debug_info    0x0000f75d      0x449 ./output/trcCounter.o
 .debug_info    0x0000fba6      0x499 ./output/trcDiagnostics.o
 .debug_info    0x0001003f      0xc6a ./output/trcEntryTable.o
 .debug_info    0x00010ca9      0x3ec ./output/trcError.o
 .debug_info    0x00011095     0x26ba ./output/trcEvent.o
 .debug_info    0x0001374f      0x85d ./output/trcEventBuffer.o
 .debug_info    0x00013fac      0x3d7 ./output/trcExtension.o
 .debug_info    0x00014383      0x3c0 ./output/trcHeap.o
 .debug_info    0x00014743      0x821 ./output/trcISR.o
 .debug_info    0x00014f64      0x657 ./output/trcMultiCoreEventBuffer.o
 .debug_info    0x000155bb      0xe87 ./output/trcObject.o
 .debug_info    0x00016442      0x7b5 ./output/trcPrint.o
 .debug_info    0x00016bf7      0x229 ./output/trcStaticBuffer.o
 .debug_info    0x00016e20      0xf34 ./output/trcStreamingRecorder.o
 .debug_info    0x00017d54      0x243 ./output/trcString.o
 .debug_info    0x00017f97      0x9ae ./output/trcTask.o
 .debug_info    0x00018945      0x3d1 ./output/trcTimestamp.o

.debug_abbrev   0x00000000     0x45f4
 .debug_abbrev  0x00000000      0x472 ./output/tasks.o
 .debug_abbrev  0x00000472      0x102 ./output/list.o
 .debug_abbrev  0x00000574      0x3c1 ./output/queue.o
 .debug_abbrev  0x00000935      0x423 ./output/timers.o
 .debug_abbrev  0x00000d58      0x325 ./output/heap_4.o
 .debug_abbrev  0x0000107d      0x2a9 ./output/port.o
 .debug_abbrev  0x00001326      0x2b9 ./output/IntQueue.o
 .debug_abbrev  0x000015df      0x217 ./output/IntQueueTimer.o
 .debug_abbrev  0x000017f6      0x2b6 ./output/main.o
 .debug_abbrev  0x00001aac      0x13d ./output/temp_logger.o
 .debug_abbrev  0x00001be9      0x28c ./output/startup_gcc.o
 .debug_abbrev  0x00001e75      0x258 ./output/printf-stdarg.o
 .debug_abbrev  0x000020cd      0x214 ./output/trcKernelPort.o
 .debug_abbrev  0x000022e1      0x185 ./output/trcStreamPort.o
 .debug_abbrev  0x00002466      0x17d ./output/trcAssert.o
 .debug_abbrev  0x000025e3      0x140 ./output/trcCounter.o
 .debug_abbrev  0x00002723      0x19e ./output/trcDiagnostics.o
 .debug_abbrev  0x000028c1      0x2b2 ./output/trcEntryTable.o
 .debug_abbrev  0x00002b73      0x177 ./output/trcError.o
 .debug_abbrev  0x00002cea      0x2fb ./output/trcEvent.o
 .debug_abbrev  0x00002fe5      0x21d ./output/trcEventBuffer.o
 .debug_abbrev  0x00003202      0x137 ./output/trcExtension.o
 .debug_abbrev  0x00003339      0x103 ./output/trcHeap.o
 .debug_abbrev  0x0000343c      0x271 ./output/trcISR.o
 .debug_abbrev  0x000036ad      0x152 ./output/trcMultiCoreEventBuffer.o
 .debug_abbrev  0x000037ff      0x2a9 ./output/trcObject.o
 .debug_abbrev  0x00003aa8      0x234 ./output/trcPrint.o
 .debug_abbrev  0x00003cdc      0x12f ./output/trcStaticBuffer.o
 .debug_abbrev  0x00003e0b      0x3b0 ./output/trcStreamingRecorder.o
 .debug_abbrev  0x000041bb      0x108 ./output/trcString.o
 .debug_abbrev  0x000042c3      0x239 ./output/trcTask.o
 .debug_abbrev  0x000044fc       0xf8 ./output/trcTimestamp.o

.debug_loc      0x00000000     0xf154
 .debug_loc     0x00000000     0x311c ./output/tasks.o
 .debug_loc     0x0000311c       0xaf ./output/list.o
 .debug_loc     0x000031cb     0x2935 ./output/queue.o
 .debug_loc     0x00005b00     0x14ca ./output/timers.o
 .debug_loc     0x00006fca      0x530 ./output/heap_4.o
 .debug_loc     0x000074fa      0x10a ./output/port.o
 .debug_loc     0x00007604      0x70d ./output/IntQueue.o
 .debug_loc     0x00007d11       0xb0 ./output/IntQueueTimer.o
 .debug_loc     0x00007dc1      0x1a5 ./output/main.o
 .debug_loc     0x00007f66       0x6f ./output/temp_logger.o
 .debug_loc     0x00007fd5       0x25 ./output/startup_gcc.o
 .debug_loc     0x00007ffa      0xa75 ./output/printf-stdarg.o
 .debug_loc     0x00008a6f       0xd0 ./output/trcKernelPort.o
 .debug_loc     0x00008b3f       0x86 ./output/trcStreamPort.o
 .debug_loc     0x00008bc5      0x162 ./output/trcAssert.o
 .debug_loc     0x00008d27      0x298 ./output/trcCounter.o
 .debug_loc     0x00008fbf      0x413 ./output/trcDiagnostics.o
 .debug_loc     0x000093d2      0xc10 ./output/trcEntryTable.o
 .debug_loc     0x00009fe2      0x17e ./output/trcError.o
 .debug_loc     0x0000a160     0x171c ./output/trcEvent.o
 .debug_loc     0x0000b87c      0xbf5 ./output/trcEventBuffer.o
 .debug_loc     0x0000c471      0x330 ./output/trcExtension.o
 .debug_loc     0x0000c7a1      0x242 ./output/trcHeap.o
 .debug_loc     0x0000c9e3      0x522 ./output/trcISR.o
 .debug_loc     0x0000cf05      0x65a ./output/trcMultiCoreEventBuffer.o
 .debug_loc     0x0000d55f      0x994 ./output/trcObject.o
 .debug_loc     0x0000def3      0x99e ./output/trcPrint.o
 .debug_loc     0x0000e891       0x7f ./output/trcStaticBuffer.o
 .debug_loc     0x0000e910      0x2a5 ./output/trcStreamingRecorder.o
 .debug_loc     0x0000ebb5      0x118 ./output/trcString.o
 .debug_loc     0x0000eccd      0x22d ./output/trcTask.o
 .debug_loc     0x0000eefa      0x25a ./output/trcTimestamp.o

.debug_aranges  0x00000000      0xdf8
 .debug_aranges
                0x00000000      0x248 ./output/tasks.o
 .debug_aranges
                0x00000248       0x40 ./output/list.o
 .debug_aranges
                0x00000288      0x198 ./output/queue.o
 .debug_aranges
                0x00000420       0xf0 ./output/timers.o
 .debug_aranges
                0x00000510       0x60 ./output/heap_4.o
 .debug_aranges
                0x00000570       0x78 ./output/port.o
 .debug_aranges
                0x000005e8       0x70 ./output/IntQueue.o
 .debug_aranges
                0x00000658       0x30 ./output/IntQueueTimer.o
 .debug_aranges
                0x00000688       0x68 ./output/main.o
 .debug_aranges
                0x000006f0       0x38 ./output/temp_logger.o
 .debug_aranges
                0x00000728       0x38 ./output/startup_gcc.o
 .debug_aranges
                0x00000760       0x58 ./output/printf-stdarg.o
 .debug_aranges
                0x000007b8       0x50 ./output/trcKernelPort.o
 .debug_aranges
                0x00000808       0x28 ./output/trcStreamPort.o
 .debug_aranges
                0x00000830       0x30 ./output/trcAssert.o
 .debug_aranges
                0x00000860       0x38 ./output/trcCounter.o
 .debug_aranges
                0x00000898       0x60 ./output/trcDiagnostics.o
 .debug_aranges
                0x000008f8       0xa8 ./output/trcEntryTable.o
 .debug_aranges
                0x000009a0       0x50 ./output/trcError.o
 .debug_aranges
                0x000009f0       0xa8 ./output/trcEvent.o
 .debug_aranges
                0x00000a98       0x58 ./output/trcEventBuffer.o
 .debug_aranges
                0x00000af0       0x38 ./output/trcExtension.o
 .debug_aranges
                0x00000b28       0x30 ./output/trcHeap.o
 .debug_aranges
                0x00000b58       0x58 ./output/trcISR.o
 .debug_aranges
                0x00000bb0       0x50 ./output/trcMultiCoreEventBuffer.o
 .debug_aranges
                0x00000c00       0x70 ./output/trcObject.o
 .debug_aranges
                0x00000c70       0x50 ./output/trcPrint.o
 .debug_aranges
                0x00000cc0       0x28 ./output/trcStaticBuffer.o
 .debug_aranges
                0x00000ce8       0x50 ./output/trcStreamingRecorder.o
 .debug_aranges
                0x00000d38       0x28 ./output/trcString.o
 .debug_aranges
                0x00000d60       0x38 ./output/trcTask.o
 .debug_aranges
                0x00000d98       0x60 ./output/trcTimestamp.o

.debug_ranges   0x00000000     0x14a0
 .debug_ranges  0x00000000      0x598 ./output/tasks.o
 .debug_ranges  0x00000598       0x30 ./output/list.o
 .debug_ranges  0x000005c8      0x2f0 ./output/queue.o
 .debug_ranges  0x000008b8      0x1b0 ./output/timers.o
 .debug_ranges  0x00000a68       0x98 ./output/heap_4.o
 .debug_ranges  0x00000b00       0xb0 ./output/port.o
 .debug_ranges  0x00000bb0       0xf0 ./output/IntQueue.o
 .debug_ranges  0x00000ca0       0x50 ./output/IntQueueTimer.o
 .debug_ranges  0x00000cf0       0x58 ./output/main.o
 .debug_ranges  0x00000d48       0x28 ./output/temp_logger.o
 .debug_ranges  0x00000d70       0x28 ./output/startup_gcc.o
 .debug_ranges  0x00000d98       0x60 ./output/printf-stdarg.o
 .debug_ranges  0x00000df8       0x40 ./output/trcKernelPort.o
 .debug_ranges  0x00000e38       0x18 ./output/trcStreamPort.o
 .debug_ranges  0x00000e50       0x20 ./output/trcAssert.o
 .debug_ranges  0x00000e70       0x28 ./output/trcCounter.o
 .debug_ranges  0x00000e98       0x68 ./output/trcDiagnostics.o
 .debug_ranges  0x00000f00       0xb0 ./output/trcEntryTable.o
 .debug_ranges  0x00000fb0       0x40 ./output/trcError.o
 .debug_ranges  0x00000ff0       0x98 ./output/trcEvent.o
 .debug_ranges  0x00001088       0xd8 ./output/trcEventBuffer.o
 .debug_ranges  0x00001160       0x28 ./output/trcExtension.o
 .debug_ranges  0x00001188       0x20 ./output/trcHeap.o
 .debug_ranges  0x000011a8       0x90 ./output/trcISR.o
 .debug_ranges  0x00001238       0x40 ./output/trcMultiCoreEventBuffer.o
 .debug_ranges  0x00001278       0xc0 ./output/trcObject.o
 .debug_ranges  0x00001338       0x58 ./output/trcPrint.o
 .debug_ranges  0x00001390       0x18 ./output/trcStaticBuffer.o
 .debug_ranges  0x000013a8       0x68 ./output/trcStreamingRecorder.o
 .debug_ranges  0x00001410       0x18 ./output/trcString.o
 .debug_ranges  0x00001428       0x28 ./output/trcTask.o
 .debug_ranges  0x00001450       0x50 ./output/trcTimestamp.o

.debug_macro    0x00000000     0xd089
 .debug_macro   0x00000000      0x4b8 ./output/tasks.o
 .debug_macro   0x000004b8      0xa60 ./output/tasks.o
 .debug_macro   0x00000f18       0x18 ./output/tasks.o
 .debug_macro   0x00000f30       0x22 ./output/tasks.o
 .debug_macro   0x00000f52       0x5e ./output/tasks.o
 .debug_macro   0x00000fb0       0x94 ./output/tasks.o
 .debug_macro   0x00001044       0x35 ./output/tasks.o
 .debug_macro   0x00001079       0x34 ./output/tasks.o
 .debug_macro   0x000010ad       0x16 ./output/tasks.o
 .debug_macro   0x000010c3      0x10e ./output/tasks.o
 .debug_macro   0x000011d1       0x8d ./output/tasks.o
 .debug_macro   0x0000125e       0x16 ./output/tasks.o
 .debug_macro   0x00001274       0x43 ./output/tasks.o
 .debug_macro   0x000012b7       0x57 ./output/tasks.o
 .debug_macro   0x0000130e       0x34 ./output/tasks.o
 .debug_macro   0x00001342       0x10 ./output/tasks.o
 .debug_macro   0x00001352       0x58 ./output/tasks.o
 .debug_macro   0x000013aa      0x182 ./output/tasks.o
 .debug_macro   0x0000152c      0x341 ./output/tasks.o
 .debug_macro   0x0000186d       0x16 ./output/tasks.o
 .debug_macro   0x00001883       0x29 ./output/tasks.o
 .debug_macro   0x000018ac       0x16 ./output/tasks.o
 .debug_macro   0x000018c2       0x35 ./output/tasks.o
 .debug_macro   0x000018f7      0x34e ./output/tasks.o
 .debug_macro   0x00001c45       0x16 ./output/tasks.o
 .debug_macro   0x00001c5b      0x15f ./output/tasks.o
 .debug_macro   0x00001dba       0x10 ./output/tasks.o
 .debug_macro   0x00001dca      0x31d ./output/tasks.o
 .debug_macro   0x000020e7       0x22 ./output/tasks.o
 .debug_macro   0x00002109       0x1c ./output/tasks.o
 .debug_macro   0x00002125       0x22 ./output/tasks.o
 .debug_macro   0x00002147       0xd6 ./output/tasks.o
 .debug_macro   0x0000221d      0xe2d ./output/tasks.o
 .debug_macro   0x0000304a      0x11f ./output/tasks.o
 .debug_macro   0x00003169      0x7b3 ./output/tasks.o
 .debug_macro   0x0000391c      0x4a6 ./output/tasks.o
 .debug_macro   0x00003dc2       0x8a ./output/tasks.o
 .debug_macro   0x00003e4c       0x34 ./output/tasks.o
 .debug_macro   0x00003e80       0x56 ./output/tasks.o
 .debug_macro   0x00003ed6       0x10 ./output/tasks.o
 .debug_macro   0x00003ee6       0x16 ./output/tasks.o
 .debug_macro   0x00003efc       0x34 ./output/tasks.o
 .debug_macro   0x00003f30      0x118 ./output/tasks.o
 .debug_macro   0x00004048       0x48 ./output/tasks.o
 .debug_macro   0x00004090      0x85a ./output/tasks.o
 .debug_macro   0x000048ea       0x16 ./output/tasks.o
 .debug_macro   0x00004900       0x64 ./output/tasks.o
 .debug_macro   0x00004964       0x22 ./output/tasks.o
 .debug_macro   0x00004986       0x52 ./output/tasks.o
 .debug_macro   0x000049d8       0x1f ./output/tasks.o
 .debug_macro   0x000049f7       0x67 ./output/tasks.o
 .debug_macro   0x00004a5e       0x24 ./output/tasks.o
 .debug_macro   0x00004a82       0x58 ./output/tasks.o
 .debug_macro   0x00004ada       0x47 ./output/tasks.o
 .debug_macro   0x00004b21       0x22 ./output/tasks.o
 .debug_macro   0x00004b43       0x52 ./output/tasks.o
 .debug_macro   0x00004b95       0x34 ./output/tasks.o
 .debug_macro   0x00004bc9       0x5f ./output/tasks.o
 .debug_macro   0x00004c28       0x10 ./output/tasks.o
 .debug_macro   0x00004c38       0x28 ./output/tasks.o
 .debug_macro   0x00004c60       0x28 ./output/tasks.o
 .debug_macro   0x00004c88       0x22 ./output/tasks.o
 .debug_macro   0x00004caa       0x3a ./output/tasks.o
 .debug_macro   0x00004ce4       0x16 ./output/tasks.o
 .debug_macro   0x00004cfa       0x49 ./output/tasks.o
 .debug_macro   0x00004d43       0xb3 ./output/tasks.o
 .debug_macro   0x00004df6       0x2e ./output/tasks.o
 .debug_macro   0x00004e24      0x182 ./output/tasks.o
 .debug_macro   0x00004fa6       0xe7 ./output/tasks.o
 .debug_macro   0x0000508d       0x3a ./output/tasks.o
 .debug_macro   0x000050c7       0x1f ./output/tasks.o
 .debug_macro   0x000050e6       0x12 ./output/tasks.o
 .debug_macro   0x000050f8      0xe88 ./output/tasks.o
 .debug_macro   0x00005f80       0xc3 ./output/tasks.o
 .debug_macro   0x00006043      0x14f ./output/tasks.o
 .debug_macro   0x00006192       0x98 ./output/tasks.o
 .debug_macro   0x0000622a       0x16 ./output/tasks.o
 .debug_macro   0x00006240      0x399 ./output/list.o
 .debug_macro   0x000065d9      0x42b ./output/queue.o
 .debug_macro   0x00006a04       0x8e ./output/queue.o
 .debug_macro   0x00006a92      0x3e8 ./output/timers.o
 .debug_macro   0x00006e7a       0x9e ./output/timers.o
 .debug_macro   0x00006f18      0x429 ./output/heap_4.o
 .debug_macro   0x00007341      0x38a ./output/port.o
 .debug_macro   0x000076cb      0x422 ./output/IntQueue.o
 .debug_macro   0x00007aed      0x2ca ./output/IntQueueTimer.o
 .debug_macro   0x00007db7      0x478 ./output/main.o
 .debug_macro   0x0000822f      0x47e ./output/temp_logger.o
 .debug_macro   0x000086ad       0x94 ./output/temp_logger.o
 .debug_macro   0x00008741      0x1a3 ./output/startup_gcc.o
 .debug_macro   0x000088e4       0x3e ./output/printf-stdarg.o
 .debug_macro   0x00008922      0x2e1 ./output/trcKernelPort.o
 .debug_macro   0x00008c03      0x2a2 ./output/trcStreamPort.o
 .debug_macro   0x00008ea5      0xfe6 ./output/trcStreamPort.o
 .debug_macro   0x00009e8b      0x2a8 ./output/trcAssert.o
 .debug_macro   0x0000a133      0x2a2 ./output/trcCounter.o
 .debug_macro   0x0000a3d5      0x2a2 ./output/trcDiagnostics.o
 .debug_macro   0x0000a677      0x395 ./output/trcEntryTable.o
 .debug_macro   0x0000aa0c      0x2ae ./output/trcError.o
 .debug_macro   0x0000acba      0x3fb ./output/trcEvent.o
 .debug_macro   0x0000b0b5      0x2a2 ./output/trcEventBuffer.o
 .debug_macro   0x0000b357      0x2ae ./output/trcExtension.o
 .debug_macro   0x0000b605      0x2a2 ./output/trcHeap.o
 .debug_macro   0x0000b8a7      0x2a2 ./output/trcISR.o
 .debug_macro   0x0000bb49      0x2a2 ./output/trcMultiCoreEventBuffer.o
 .debug_macro   0x0000bdeb      0x2a2 ./output/trcObject.o
 .debug_macro   0x0000c08d      0x2a2 ./output/trcPrint.o
 .debug_macro   0x0000c32f      0x2a2 ./output/trcStaticBuffer.o
 .debug_macro   0x0000c5d1      0x2c6 ./output/trcStreamingRecorder.o
 .debug_macro   0x0000c897      0x2a2 ./output/trcString.o
 .debug_macro   0x0000cb39      0x2ae ./output/trcTask.o
 .debug_macro   0x0000cde7      0x2a2 ./output/trcTimestamp.o

.debug_line     0x00000000    0x1c37a
 .debug_line    0x00000000     0x3d61 ./output/tasks.o
 .debug_line    0x00003d61      0xa0f ./output/list.o
 .debug_line    0x00004770     0x2ba1 ./output/queue.o
 .debug_line    0x00007311     0x1698 ./output/timers.o
 .debug_line    0x000089a9      0xeb2 ./output/heap_4.o
 .debug_line    0x0000985b      0xaa1 ./output/port.o
 .debug_line    0x0000a2fc     0x1393 ./output/IntQueue.o
 .debug_line    0x0000b68f      0x821 ./output/IntQueueTimer.o
 .debug_line    0x0000beb0      0xb67 ./output/main.o
 .debug_line    0x0000ca17      0xa0c ./output/temp_logger.o
 .debug_line    0x0000d423      0x3e3 ./output/startup_gcc.o
 .debug_line    0x0000d806      0x567 ./output/printf-stdarg.o
 .debug_line    0x0000dd6d      0x827 ./output/trcKernelPort.o
 .debug_line    0x0000e594      0x81e ./output/trcStreamPort.o
 .debug_line    0x0000edb2      0x8c5 ./output/trcAssert.o
 .debug_line    0x0000f677      0x979 ./output/trcCounter.o